Release 14.7 - xst P.20131013 (nt64)
Copyright (c) 1995-2013 Xilinx, Inc.  All rights reserved.
--> Parameter TMPDIR set to xst/projnav.tmp


Total REAL time to Xst completion: 0.00 secs
Total CPU time to Xst completion: 0.08 secs
 
--> Parameter xsthdpdir set to xst


Total REAL time to Xst completion: 0.00 secs
Total CPU time to Xst completion: 0.08 secs
 
--> Reading design: MBImager_DDR.prj

TABLE OF CONTENTS
  1) Synthesis Options Summary
  2) HDL Parsing
  3) HDL Elaboration
  4) HDL Synthesis
       4.1) HDL Synthesis Report
  5) Advanced HDL Synthesis
       5.1) Advanced HDL Synthesis Report
  6) Low Level Synthesis
  7) Partition Report
  8) Design Summary
       8.1) Primitive and Black Box Usage
       8.2) Device utilization summary
       8.3) Partition Resource Summary
       8.4) Timing Report
            8.4.1) Clock Information
            8.4.2) Asynchronous Control Signals Information
            8.4.3) Timing Summary
            8.4.4) Timing Details
            8.4.5) Cross Clock Domains Report


=========================================================================
*                      Synthesis Options Summary                        *
=========================================================================
---- Source Parameters
Input File Name                    : "MBImager_DDR.prj"
Ignore Synthesis Constraint File   : NO

---- Target Parameters
Output File Name                   : "MBImager_DDR"
Output Format                      : NGC
Target Device                      : xc6slx45-2-fgg484

---- Source Options
Top Module Name                    : MBImager_DDR
Automatic FSM Extraction           : YES
FSM Encoding Algorithm             : Auto
Safe Implementation                : No
FSM Style                          : LUT
RAM Extraction                     : Yes
RAM Style                          : Auto
ROM Extraction                     : Yes
Shift Register Extraction          : YES
ROM Style                          : Auto
Resource Sharing                   : YES
Asynchronous To Synchronous        : NO
Shift Register Minimum Size        : 2
Use DSP Block                      : Auto
Automatic Register Balancing       : No

---- Target Options
LUT Combining                      : Auto
Reduce Control Sets                : Auto
Add IO Buffers                     : YES
Global Maximum Fanout              : 100000
Add Generic Clock Buffer(BUFG)     : 16
Register Duplication               : YES
Optimize Instantiated Primitives   : NO
Use Clock Enable                   : Auto
Use Synchronous Set                : Auto
Use Synchronous Reset              : Auto
Pack IO Registers into IOBs        : Auto
Equivalent register Removal        : YES

---- General Options
Optimization Goal                  : Speed
Optimization Effort                : 1
Power Reduction                    : NO
Keep Hierarchy                     : No
Netlist Hierarchy                  : As_Optimized
RTL Output                         : Yes
Global Optimization                : AllClockNets
Read Cores                         : YES
Write Timing Constraints           : NO
Cross Clock Analysis               : NO
Hierarchy Separator                : /
Bus Delimiter                      : <>
Case Specifier                     : Maintain
Slice Utilization Ratio            : 100
BRAM Utilization Ratio             : 100
DSP48 Utilization Ratio            : 100
Auto BRAM Packing                  : NO
Slice Utilization Ratio Delta      : 5

---- Other Options
Cores Search Directories           : {"ipcore_dir"  }

=========================================================================


=========================================================================
*                          HDL Parsing                                  *
=========================================================================
Analyzing Verilog file "D:\MBImager\DDr2_OK_ISEnew\ipcore_dir\mig_39\user_design\rtl\mcb_controller\iodrp_mcb_controller.v" into library work
Parsing module <iodrp_mcb_controller>.
Analyzing Verilog file "D:\MBImager\DDr2_OK_ISEnew\ipcore_dir\mig_39\user_design\rtl\mcb_controller\iodrp_controller.v" into library work
Parsing module <iodrp_controller>.
Analyzing Verilog file "D:\MBImager\DDr2_OK_ISEnew\ipcore_dir\mig_39\user_design\rtl\mcb_controller\mcb_soft_calibration.v" into library work
Parsing module <mcb_soft_calibration>.
Analyzing Verilog file "D:\MBImager\DDr2_OK_ISEnew\ipcore_dir\mig_39\user_design\rtl\mcb_controller\mcb_soft_calibration_top.v" into library work
Parsing module <mcb_soft_calibration_top>.
Analyzing Verilog file "D:\MBImager\DDr2_OK_ISEnew\ipcore_dir\mig_39\user_design\rtl\mcb_controller\mcb_raw_wrapper.v" into library work
Parsing module <mcb_raw_wrapper>.
Analyzing Verilog file "D:\MBImager\DDr2_OK_ISEnew\ipcore_dir\mig_39\user_design\rtl\mcb_controller\mcb_ui_top.v" into library work
Parsing module <mcb_ui_top>.
Analyzing Verilog file "D:\MBImager\DDr2_OK_ISEnew\ipcore_dir\mig_39\user_design\rtl\memc_wrapper.v" into library work
Parsing module <memc_wrapper>.
Analyzing Verilog file "D:\MBImager\DDr2_OK_ISEnew\ipcore_dir\mig_39\user_design\rtl\infrastructure.v" into library work
Parsing module <infrastructure>.
Analyzing Verilog file "D:\MBImager\DDr2_OK_ISEnew\ipcore_dir\mig_39\user_design\rtl\mig_39.v" into library work
Parsing module <mig_39>.
Analyzing Verilog file "D:\MBImager\DDr2_OK_ISEnew\mcb_instr_ctrl.v" into library work
Parsing module <mcb_instr_ctrl>.
INFO:HDLCompiler:693 - "D:\MBImager\DDr2_OK_ISEnew\mcb_instr_ctrl.v" Line 65. parameter declaration becomes local in mcb_instr_ctrl with formal parameter declaration list
INFO:HDLCompiler:693 - "D:\MBImager\DDr2_OK_ISEnew\mcb_instr_ctrl.v" Line 66. parameter declaration becomes local in mcb_instr_ctrl with formal parameter declaration list
INFO:HDLCompiler:693 - "D:\MBImager\DDr2_OK_ISEnew\mcb_instr_ctrl.v" Line 89. parameter declaration becomes local in mcb_instr_ctrl with formal parameter declaration list
INFO:HDLCompiler:693 - "D:\MBImager\DDr2_OK_ISEnew\mcb_instr_ctrl.v" Line 90. parameter declaration becomes local in mcb_instr_ctrl with formal parameter declaration list
INFO:HDLCompiler:693 - "D:\MBImager\DDr2_OK_ISEnew\mcb_instr_ctrl.v" Line 91. parameter declaration becomes local in mcb_instr_ctrl with formal parameter declaration list
INFO:HDLCompiler:693 - "D:\MBImager\DDr2_OK_ISEnew\mcb_instr_ctrl.v" Line 92. parameter declaration becomes local in mcb_instr_ctrl with formal parameter declaration list
INFO:HDLCompiler:693 - "D:\MBImager\DDr2_OK_ISEnew\mcb_instr_ctrl.v" Line 93. parameter declaration becomes local in mcb_instr_ctrl with formal parameter declaration list
INFO:HDLCompiler:693 - "D:\MBImager\DDr2_OK_ISEnew\mcb_instr_ctrl.v" Line 94. parameter declaration becomes local in mcb_instr_ctrl with formal parameter declaration list
INFO:HDLCompiler:693 - "D:\MBImager\DDr2_OK_ISEnew\mcb_instr_ctrl.v" Line 95. parameter declaration becomes local in mcb_instr_ctrl with formal parameter declaration list
INFO:HDLCompiler:693 - "D:\MBImager\DDr2_OK_ISEnew\mcb_instr_ctrl.v" Line 96. parameter declaration becomes local in mcb_instr_ctrl with formal parameter declaration list
INFO:HDLCompiler:693 - "D:\MBImager\DDr2_OK_ISEnew\mcb_instr_ctrl.v" Line 97. parameter declaration becomes local in mcb_instr_ctrl with formal parameter declaration list
Analyzing Verilog file "D:\MBImager\DDr2_OK_ISEnew\ipcore_dir\outFIFO.v" into library work
Parsing module <outFIFO>.
Analyzing Verilog file "D:\MBImager\DDr2_OK_ISEnew\ipcore_dir\inFIFO.v" into library work
Parsing module <inFIFO>.
Analyzing Verilog file "D:\MBImager\DDr2_OK_ISEnew\oksim\okWireOut.v" into library work
Parsing module <okWireOut>.
Parsing verilog file "D:\MBImager\DDr2_OK_ISEnew\oksim\/params.v" included at line 20.
Parsing verilog file "D:\MBImager\DDr2_OK_ISEnew\oksim\/mappings.v" included at line 21.
Analyzing Verilog file "D:\MBImager\DDr2_OK_ISEnew\oksim\okWireOR.v" into library work
Parsing module <okWireOR>.
Analyzing Verilog file "D:\MBImager\DDr2_OK_ISEnew\oksim\okWireIn.v" into library work
Parsing module <okWireIn>.
Parsing verilog file "D:\MBImager\DDr2_OK_ISEnew\oksim\/params.v" included at line 19.
Parsing verilog file "D:\MBImager\DDr2_OK_ISEnew\oksim\/mappings.v" included at line 20.
Analyzing Verilog file "D:\MBImager\DDr2_OK_ISEnew\oksim\okTriggerOut.v" into library work
Parsing module <okTriggerOut>.
Parsing verilog file "D:\MBImager\DDr2_OK_ISEnew\oksim\/params.v" included at line 21.
Parsing verilog file "D:\MBImager\DDr2_OK_ISEnew\oksim\/mappings.v" included at line 22.
Analyzing Verilog file "D:\MBImager\DDr2_OK_ISEnew\oksim\okPipeOut.v" into library work
Parsing module <okPipeOut>.
Parsing verilog file "D:\MBImager\DDr2_OK_ISEnew\oksim\/params.v" included at line 21.
Parsing verilog file "D:\MBImager\DDr2_OK_ISEnew\oksim\/mappings.v" included at line 22.
Analyzing Verilog file "D:\MBImager\DDr2_OK_ISEnew\oksim\okPipeIn.v" into library work
Parsing module <okPipeIn>.
Parsing verilog file "D:\MBImager\DDr2_OK_ISEnew\oksim\/params.v" included at line 21.
Parsing verilog file "D:\MBImager\DDr2_OK_ISEnew\oksim\/mappings.v" included at line 22.
Analyzing Verilog file "D:\MBImager\DDr2_OK_ISEnew\oksim\okHost.v" into library work
Parsing module <okHost>.
Parsing verilog file "D:\MBImager\DDr2_OK_ISEnew\oksim\/params.v" included at line 58.
Parsing verilog file "D:\MBImager\DDr2_OK_ISEnew\oksim\/mappings.v" included at line 59.
Analyzing Verilog file "D:\MBImager\DDr2_OK_ISEnew\memc_USB_intfce.v" into library work
Parsing module <memc_USB_intfce>.
Analyzing Verilog file "D:\MBImager\DDr2_OK_ISEnew\MBImager_DDR.v" into library work
Parsing module <MBImager_DDR>.

=========================================================================
*                            HDL Elaboration                            *
=========================================================================
ERROR:HDLCompiler:329 - "D:\MBImager\DDr2_OK_ISEnew\MBImager_DDR.v" Line 201: Target <mcb3_dram_a> of concurrent assignment or output port connection should be a net type.
ERROR:HDLCompiler:329 - "D:\MBImager\DDr2_OK_ISEnew\MBImager_DDR.v" Line 202: Target <mcb3_dram_ba> of concurrent assignment or output port connection should be a net type.
ERROR:HDLCompiler:329 - "D:\MBImager\DDr2_OK_ISEnew\MBImager_DDR.v" Line 203: Target <mcb3_dram_ras_n> of concurrent assignment or output port connection should be a net type.
ERROR:HDLCompiler:329 - "D:\MBImager\DDr2_OK_ISEnew\MBImager_DDR.v" Line 204: Target <mcb3_dram_cas_n> of concurrent assignment or output port connection should be a net type.
ERROR:HDLCompiler:329 - "D:\MBImager\DDr2_OK_ISEnew\MBImager_DDR.v" Line 205: Target <mcb3_dram_we_n> of concurrent assignment or output port connection should be a net type.
ERROR:HDLCompiler:329 - "D:\MBImager\DDr2_OK_ISEnew\MBImager_DDR.v" Line 206: Target <mcb3_dram_odt> of concurrent assignment or output port connection should be a net type.
ERROR:HDLCompiler:329 - "D:\MBImager\DDr2_OK_ISEnew\MBImager_DDR.v" Line 207: Target <mcb3_dram_cke> of concurrent assignment or output port connection should be a net type.
ERROR:HDLCompiler:329 - "D:\MBImager\DDr2_OK_ISEnew\MBImager_DDR.v" Line 208: Target <mcb3_dram_dm> of concurrent assignment or output port connection should be a net type.
ERROR:HDLCompiler:329 - "D:\MBImager\DDr2_OK_ISEnew\MBImager_DDR.v" Line 213: Target <mcb3_dram_udm> of concurrent assignment or output port connection should be a net type.
ERROR:HDLCompiler:329 - "D:\MBImager\DDr2_OK_ISEnew\MBImager_DDR.v" Line 222: Target <mcb3_dram_ck> of concurrent assignment or output port connection should be a net type.
ERROR:HDLCompiler:329 - "D:\MBImager\DDr2_OK_ISEnew\MBImager_DDR.v" Line 223: Target <mcb3_dram_ck_n> of concurrent assignment or output port connection should be a net type.
--> 

Total memory usage is 258148 kilobytes

Number of errors   :   11 (   0 filtered)
Number of warnings :    0 (   0 filtered)
Number of infos    :    0 (   0 filtered)

