--------------------------------------------------------------------------------
Release 14.7 Trace  (nt64)
Copyright (c) 1995-2013 Xilinx, Inc.  All rights reserved.

C:\Xilinx\14.7\ISE_DS\ISE\bin\nt64\unwrapped\trce.exe -intstyle ise -v 3 -s 3
-n 3 -fastpaths -xml MB_top.twx MB_top.ncd -o MB_top.twr MB_top.pcf -ucf
Microblaze_System_top.ucf

Design file:              MB_top.ncd
Physical constraint file: MB_top.pcf
Device,package,speed:     xc6slx45,fgg484,C,-3 (PRODUCTION 1.23 2013-10-13)
Report level:             verbose report

Environment Variable      Effect 
--------------------      ------ 
NONE                      No environment variables were set
--------------------------------------------------------------------------------

INFO:Timing:3412 - To improve timing, see the Timing Closure User Guide (UG612).
INFO:Timing:2752 - To get complete path coverage, use the unconstrained paths 
   option. All paths that are not constrained will be reported in the 
   unconstrained paths section(s) of the report.
INFO:Timing:3339 - The clock-to-out numbers in this timing report are based on 
   a 50 Ohm transmission line loading model.  For the details of this model, 
   and for more information on accounting for different loading conditions, 
   please see the device datasheet.

================================================================================
Timing constraint: PATH "TS_TIG_microblaze_0_Reset_path" TIG;

 3 paths analyzed, 1 endpoint analyzed, 0 failing endpoints
 0 timing errors detected. (0 setup errors, 0 hold errors)
--------------------------------------------------------------------------------

Paths for end point uBlaze_SPI/MB_SPI_i/microblaze_0/microblaze_0/MicroBlaze_Core_I/Reset_DFF.reset_temp (SLICE_X33Y66.AX), 3 paths
--------------------------------------------------------------------------------
Delay (setup path):     8.254ns (data path - clock path skew + uncertainty)
  Source:               uBlaze_SPI/MB_SPI_i/proc_sys_reset_0/proc_sys_reset_0/MB_Reset (FF)
  Destination:          uBlaze_SPI/MB_SPI_i/microblaze_0/microblaze_0/MicroBlaze_Core_I/Reset_DFF.reset_temp (FF)
  Data Path Delay:      8.108ns (Levels of Logic = 1)
  Clock Path Skew:      -0.051ns (0.579 - 0.630)
  Source Clock:         uBlaze_SPI/MB_SPI_i/clk_100_0000MHz rising
  Destination Clock:    uBlaze_SPI/MB_SPI_i/clk_100_0000MHz rising
  Clock Uncertainty:    0.095ns

  Clock Uncertainty:          0.095ns  ((TSJ^2 + DJ^2)^1/2) / 2 + PE
    Total System Jitter (TSJ):  0.070ns
    Discrete Jitter (DJ):       0.177ns
    Phase Error (PE):           0.000ns

  Maximum Data Path at Slow Process Corner: uBlaze_SPI/MB_SPI_i/proc_sys_reset_0/proc_sys_reset_0/MB_Reset to uBlaze_SPI/MB_SPI_i/microblaze_0/microblaze_0/MicroBlaze_Core_I/Reset_DFF.reset_temp
    Location             Delay type         Delay(ns)  Physical Resource
                                                       Logical Resource(s)
    -------------------------------------------------  -------------------
    SLICE_X26Y49.AMUX    Tshcko                0.488   uBlaze_SPI/MB_SPI_i/proc_sys_reset_0/proc_sys_reset_0/Peripheral_aresetn_0
                                                       uBlaze_SPI/MB_SPI_i/proc_sys_reset_0/proc_sys_reset_0/MB_Reset
    SLICE_X43Y80.C2      net (fanout=100)      5.663   uBlaze_SPI/MB_SPI_i/proc_sys_reset_0_MB_Reset
    SLICE_X43Y80.CMUX    Tilo                  0.313   uBlaze_SPI/MB_SPI_i/microblaze_0/microblaze_0/MicroBlaze_Core_I/Performance.ex_reverse_mem_access
                                                       uBlaze_SPI/MB_SPI_i/microblaze_0/microblaze_0/MicroBlaze_Core_I/Reset_Debug_Rst_OR_2_o1
    SLICE_X33Y66.AX      net (fanout=1)        1.581   uBlaze_SPI/MB_SPI_i/microblaze_0/microblaze_0/MicroBlaze_Core_I/Reset_Debug_Rst_OR_2_o
    SLICE_X33Y66.CLK     Tdick                 0.063   uBlaze_SPI/MB_SPI_i/Generic_SPI/Generic_SPI/AXI_LITE_IPIF_I/I_SLAVE_ATTACHMENT/I_DECODER/ce_out_i_11
                                                       uBlaze_SPI/MB_SPI_i/microblaze_0/microblaze_0/MicroBlaze_Core_I/Reset_DFF.reset_temp
    -------------------------------------------------  ---------------------------
    Total                                      8.108ns (0.864ns logic, 7.244ns route)
                                                       (10.7% logic, 89.3% route)

--------------------------------------------------------------------------------
Delay (setup path):     4.370ns (data path - clock path skew + uncertainty)
  Source:               uBlaze_SPI/MB_SPI_i/microblaze_0_dlmb/microblaze_0_dlmb/POR_FF_I (FF)
  Destination:          uBlaze_SPI/MB_SPI_i/microblaze_0/microblaze_0/MicroBlaze_Core_I/Reset_DFF.reset_temp (FF)
  Data Path Delay:      4.274ns (Levels of Logic = 1)
  Clock Path Skew:      -0.001ns (0.245 - 0.246)
  Source Clock:         uBlaze_SPI/MB_SPI_i/clk_100_0000MHz rising
  Destination Clock:    uBlaze_SPI/MB_SPI_i/clk_100_0000MHz rising
  Clock Uncertainty:    0.095ns

  Clock Uncertainty:          0.095ns  ((TSJ^2 + DJ^2)^1/2) / 2 + PE
    Total System Jitter (TSJ):  0.070ns
    Discrete Jitter (DJ):       0.177ns
    Phase Error (PE):           0.000ns

  Maximum Data Path at Slow Process Corner: uBlaze_SPI/MB_SPI_i/microblaze_0_dlmb/microblaze_0_dlmb/POR_FF_I to uBlaze_SPI/MB_SPI_i/microblaze_0/microblaze_0/MicroBlaze_Core_I/Reset_DFF.reset_temp
    Location             Delay type         Delay(ns)  Physical Resource
                                                       Logical Resource(s)
    -------------------------------------------------  -------------------
    SLICE_X52Y70.AQ      Tcko                  0.447   uBlaze_SPI/MB_SPI_i/microblaze_0_dlmb_LMB_Rst
                                                       uBlaze_SPI/MB_SPI_i/microblaze_0_dlmb/microblaze_0_dlmb/POR_FF_I
    SLICE_X43Y80.C1      net (fanout=3)        1.870   uBlaze_SPI/MB_SPI_i/microblaze_0_dlmb_LMB_Rst
    SLICE_X43Y80.CMUX    Tilo                  0.313   uBlaze_SPI/MB_SPI_i/microblaze_0/microblaze_0/MicroBlaze_Core_I/Performance.ex_reverse_mem_access
                                                       uBlaze_SPI/MB_SPI_i/microblaze_0/microblaze_0/MicroBlaze_Core_I/Reset_Debug_Rst_OR_2_o1
    SLICE_X33Y66.AX      net (fanout=1)        1.581   uBlaze_SPI/MB_SPI_i/microblaze_0/microblaze_0/MicroBlaze_Core_I/Reset_Debug_Rst_OR_2_o
    SLICE_X33Y66.CLK     Tdick                 0.063   uBlaze_SPI/MB_SPI_i/Generic_SPI/Generic_SPI/AXI_LITE_IPIF_I/I_SLAVE_ATTACHMENT/I_DECODER/ce_out_i_11
                                                       uBlaze_SPI/MB_SPI_i/microblaze_0/microblaze_0/MicroBlaze_Core_I/Reset_DFF.reset_temp
    -------------------------------------------------  ---------------------------
    Total                                      4.274ns (0.823ns logic, 3.451ns route)
                                                       (19.3% logic, 80.7% route)

--------------------------------------------------------------------------------
Delay (setup path):     3.382ns (data path - clock path skew + uncertainty)
  Source:               uBlaze_SPI/MB_SPI_i/debug_module/debug_module/MDM_Core_I1/JTAG_CONTROL_I/Debug_Rst_i (FF)
  Destination:          uBlaze_SPI/MB_SPI_i/microblaze_0/microblaze_0/MicroBlaze_Core_I/Reset_DFF.reset_temp (FF)
  Data Path Delay:      3.347ns (Levels of Logic = 1)
  Clock Path Skew:      0.000ns
  Source Clock:         uBlaze_SPI/MB_SPI_i/microblaze_0_debug_Dbg_Update rising
  Destination Clock:    uBlaze_SPI/MB_SPI_i/clk_100_0000MHz rising
  Clock Uncertainty:    0.035ns

  Clock Uncertainty:          0.035ns  ((TSJ^2 + TIJ^2)^1/2 + DJ) / 2 + PE
    Total System Jitter (TSJ):  0.070ns
    Total Input Jitter (TIJ):   0.000ns
    Discrete Jitter (DJ):       0.000ns
    Phase Error (PE):           0.000ns

  Maximum Data Path at Slow Process Corner: uBlaze_SPI/MB_SPI_i/debug_module/debug_module/MDM_Core_I1/JTAG_CONTROL_I/Debug_Rst_i to uBlaze_SPI/MB_SPI_i/microblaze_0/microblaze_0/MicroBlaze_Core_I/Reset_DFF.reset_temp
    Location             Delay type         Delay(ns)  Physical Resource
                                                       Logical Resource(s)
    -------------------------------------------------  -------------------
    SLICE_X43Y93.AQ      Tcko                  0.391   uBlaze_SPI/MB_SPI_i/proc_sys_reset_0_MB_Debug_Sys_Rst
                                                       uBlaze_SPI/MB_SPI_i/debug_module/debug_module/MDM_Core_I1/JTAG_CONTROL_I/Debug_Rst_i
    SLICE_X43Y80.C5      net (fanout=1)        0.999   uBlaze_SPI/MB_SPI_i/microblaze_0_debug_Debug_Rst
    SLICE_X43Y80.CMUX    Tilo                  0.313   uBlaze_SPI/MB_SPI_i/microblaze_0/microblaze_0/MicroBlaze_Core_I/Performance.ex_reverse_mem_access
                                                       uBlaze_SPI/MB_SPI_i/microblaze_0/microblaze_0/MicroBlaze_Core_I/Reset_Debug_Rst_OR_2_o1
    SLICE_X33Y66.AX      net (fanout=1)        1.581   uBlaze_SPI/MB_SPI_i/microblaze_0/microblaze_0/MicroBlaze_Core_I/Reset_Debug_Rst_OR_2_o
    SLICE_X33Y66.CLK     Tdick                 0.063   uBlaze_SPI/MB_SPI_i/Generic_SPI/Generic_SPI/AXI_LITE_IPIF_I/I_SLAVE_ATTACHMENT/I_DECODER/ce_out_i_11
                                                       uBlaze_SPI/MB_SPI_i/microblaze_0/microblaze_0/MicroBlaze_Core_I/Reset_DFF.reset_temp
    -------------------------------------------------  ---------------------------
    Total                                      3.347ns (0.767ns logic, 2.580ns route)
                                                       (22.9% logic, 77.1% route)

--------------------------------------------------------------------------------

Hold Paths: PATH "TS_TIG_microblaze_0_Reset_path" TIG;
--------------------------------------------------------------------------------

Paths for end point uBlaze_SPI/MB_SPI_i/microblaze_0/microblaze_0/MicroBlaze_Core_I/Reset_DFF.reset_temp (SLICE_X33Y66.AX), 3 paths
--------------------------------------------------------------------------------
Delay (hold path):      1.938ns (datapath - clock path skew - uncertainty)
  Source:               uBlaze_SPI/MB_SPI_i/debug_module/debug_module/MDM_Core_I1/JTAG_CONTROL_I/Debug_Rst_i (FF)
  Destination:          uBlaze_SPI/MB_SPI_i/microblaze_0/microblaze_0/MicroBlaze_Core_I/Reset_DFF.reset_temp (FF)
  Data Path Delay:      1.938ns (Levels of Logic = 1)
  Clock Path Skew:      0.000ns
  Source Clock:         uBlaze_SPI/MB_SPI_i/microblaze_0_debug_Dbg_Update rising
  Destination Clock:    uBlaze_SPI/MB_SPI_i/clk_100_0000MHz rising
  Clock Uncertainty:    0.000ns

  Minimum Data Path at Fast Process Corner: uBlaze_SPI/MB_SPI_i/debug_module/debug_module/MDM_Core_I1/JTAG_CONTROL_I/Debug_Rst_i to uBlaze_SPI/MB_SPI_i/microblaze_0/microblaze_0/MicroBlaze_Core_I/Reset_DFF.reset_temp
    Location             Delay type         Delay(ns)  Physical Resource
                                                       Logical Resource(s)
    -------------------------------------------------  -------------------
    SLICE_X43Y93.AQ      Tcko                  0.198   uBlaze_SPI/MB_SPI_i/proc_sys_reset_0_MB_Debug_Sys_Rst
                                                       uBlaze_SPI/MB_SPI_i/debug_module/debug_module/MDM_Core_I1/JTAG_CONTROL_I/Debug_Rst_i
    SLICE_X43Y80.C5      net (fanout=1)        0.541   uBlaze_SPI/MB_SPI_i/microblaze_0_debug_Debug_Rst
    SLICE_X43Y80.CMUX    Tilo                  0.203   uBlaze_SPI/MB_SPI_i/microblaze_0/microblaze_0/MicroBlaze_Core_I/Performance.ex_reverse_mem_access
                                                       uBlaze_SPI/MB_SPI_i/microblaze_0/microblaze_0/MicroBlaze_Core_I/Reset_Debug_Rst_OR_2_o1
    SLICE_X33Y66.AX      net (fanout=1)        0.937   uBlaze_SPI/MB_SPI_i/microblaze_0/microblaze_0/MicroBlaze_Core_I/Reset_Debug_Rst_OR_2_o
    SLICE_X33Y66.CLK     Tckdi       (-Th)    -0.059   uBlaze_SPI/MB_SPI_i/Generic_SPI/Generic_SPI/AXI_LITE_IPIF_I/I_SLAVE_ATTACHMENT/I_DECODER/ce_out_i_11
                                                       uBlaze_SPI/MB_SPI_i/microblaze_0/microblaze_0/MicroBlaze_Core_I/Reset_DFF.reset_temp
    -------------------------------------------------  ---------------------------
    Total                                      1.938ns (0.460ns logic, 1.478ns route)
                                                       (23.7% logic, 76.3% route)

--------------------------------------------------------------------------------
Delay (hold path):      2.543ns (datapath - clock path skew - uncertainty)
  Source:               uBlaze_SPI/MB_SPI_i/microblaze_0_dlmb/microblaze_0_dlmb/POR_FF_I (FF)
  Destination:          uBlaze_SPI/MB_SPI_i/microblaze_0/microblaze_0/MicroBlaze_Core_I/Reset_DFF.reset_temp (FF)
  Data Path Delay:      2.560ns (Levels of Logic = 1)
  Clock Path Skew:      0.017ns (0.079 - 0.062)
  Source Clock:         uBlaze_SPI/MB_SPI_i/clk_100_0000MHz rising
  Destination Clock:    uBlaze_SPI/MB_SPI_i/clk_100_0000MHz rising
  Clock Uncertainty:    0.000ns

  Minimum Data Path at Fast Process Corner: uBlaze_SPI/MB_SPI_i/microblaze_0_dlmb/microblaze_0_dlmb/POR_FF_I to uBlaze_SPI/MB_SPI_i/microblaze_0/microblaze_0/MicroBlaze_Core_I/Reset_DFF.reset_temp
    Location             Delay type         Delay(ns)  Physical Resource
                                                       Logical Resource(s)
    -------------------------------------------------  -------------------
    SLICE_X52Y70.AQ      Tcko                  0.234   uBlaze_SPI/MB_SPI_i/microblaze_0_dlmb_LMB_Rst
                                                       uBlaze_SPI/MB_SPI_i/microblaze_0_dlmb/microblaze_0_dlmb/POR_FF_I
    SLICE_X43Y80.C1      net (fanout=3)        1.127   uBlaze_SPI/MB_SPI_i/microblaze_0_dlmb_LMB_Rst
    SLICE_X43Y80.CMUX    Tilo                  0.203   uBlaze_SPI/MB_SPI_i/microblaze_0/microblaze_0/MicroBlaze_Core_I/Performance.ex_reverse_mem_access
                                                       uBlaze_SPI/MB_SPI_i/microblaze_0/microblaze_0/MicroBlaze_Core_I/Reset_Debug_Rst_OR_2_o1
    SLICE_X33Y66.AX      net (fanout=1)        0.937   uBlaze_SPI/MB_SPI_i/microblaze_0/microblaze_0/MicroBlaze_Core_I/Reset_Debug_Rst_OR_2_o
    SLICE_X33Y66.CLK     Tckdi       (-Th)    -0.059   uBlaze_SPI/MB_SPI_i/Generic_SPI/Generic_SPI/AXI_LITE_IPIF_I/I_SLAVE_ATTACHMENT/I_DECODER/ce_out_i_11
                                                       uBlaze_SPI/MB_SPI_i/microblaze_0/microblaze_0/MicroBlaze_Core_I/Reset_DFF.reset_temp
    -------------------------------------------------  ---------------------------
    Total                                      2.560ns (0.496ns logic, 2.064ns route)
                                                       (19.4% logic, 80.6% route)

--------------------------------------------------------------------------------
Delay (hold path):      5.111ns (datapath - clock path skew - uncertainty)
  Source:               uBlaze_SPI/MB_SPI_i/proc_sys_reset_0/proc_sys_reset_0/MB_Reset (FF)
  Destination:          uBlaze_SPI/MB_SPI_i/microblaze_0/microblaze_0/MicroBlaze_Core_I/Reset_DFF.reset_temp (FF)
  Data Path Delay:      5.101ns (Levels of Logic = 1)
  Clock Path Skew:      -0.010ns (0.256 - 0.266)
  Source Clock:         uBlaze_SPI/MB_SPI_i/clk_100_0000MHz rising
  Destination Clock:    uBlaze_SPI/MB_SPI_i/clk_100_0000MHz rising
  Clock Uncertainty:    0.000ns

  Minimum Data Path at Fast Process Corner: uBlaze_SPI/MB_SPI_i/proc_sys_reset_0/proc_sys_reset_0/MB_Reset to uBlaze_SPI/MB_SPI_i/microblaze_0/microblaze_0/MicroBlaze_Core_I/Reset_DFF.reset_temp
    Location             Delay type         Delay(ns)  Physical Resource
                                                       Logical Resource(s)
    -------------------------------------------------  -------------------
    SLICE_X26Y49.AMUX    Tshcko                0.266   uBlaze_SPI/MB_SPI_i/proc_sys_reset_0/proc_sys_reset_0/Peripheral_aresetn_0
                                                       uBlaze_SPI/MB_SPI_i/proc_sys_reset_0/proc_sys_reset_0/MB_Reset
    SLICE_X43Y80.C2      net (fanout=100)      3.636   uBlaze_SPI/MB_SPI_i/proc_sys_reset_0_MB_Reset
    SLICE_X43Y80.CMUX    Tilo                  0.203   uBlaze_SPI/MB_SPI_i/microblaze_0/microblaze_0/MicroBlaze_Core_I/Performance.ex_reverse_mem_access
                                                       uBlaze_SPI/MB_SPI_i/microblaze_0/microblaze_0/MicroBlaze_Core_I/Reset_Debug_Rst_OR_2_o1
    SLICE_X33Y66.AX      net (fanout=1)        0.937   uBlaze_SPI/MB_SPI_i/microblaze_0/microblaze_0/MicroBlaze_Core_I/Reset_Debug_Rst_OR_2_o
    SLICE_X33Y66.CLK     Tckdi       (-Th)    -0.059   uBlaze_SPI/MB_SPI_i/Generic_SPI/Generic_SPI/AXI_LITE_IPIF_I/I_SLAVE_ATTACHMENT/I_DECODER/ce_out_i_11
                                                       uBlaze_SPI/MB_SPI_i/microblaze_0/microblaze_0/MicroBlaze_Core_I/Reset_DFF.reset_temp
    -------------------------------------------------  ---------------------------
    Total                                      5.101ns (0.528ns logic, 4.573ns route)
                                                       (10.4% logic, 89.6% route)

--------------------------------------------------------------------------------

================================================================================
Timing constraint: PATH "TS_axi4lite_0_reset_resync_path" TIG;

 24 paths analyzed, 24 endpoints analyzed, 0 failing endpoints
 0 timing errors detected. (0 setup errors, 0 hold errors)
--------------------------------------------------------------------------------

Paths for end point uBlaze_SPI/MB_SPI_i/axi4lite_0/axi4lite_0/si_converter_bank/gen_conv_slot[0].clock_conv_inst/interconnect_aresetn_resync_0 (SLICE_X35Y70.CLK), 1 path
--------------------------------------------------------------------------------
Delay (setup path):     4.987ns (data path)
  Source:               USER_CLOCK (PAD)
  Destination:          uBlaze_SPI/MB_SPI_i/axi4lite_0/axi4lite_0/si_converter_bank/gen_conv_slot[0].clock_conv_inst/interconnect_aresetn_resync_0 (FF)
  Data Path Delay:      4.987ns (Levels of Logic = 4)

  Maximum Data Path at Slow Process Corner: USER_CLOCK to uBlaze_SPI/MB_SPI_i/axi4lite_0/axi4lite_0/si_converter_bank/gen_conv_slot[0].clock_conv_inst/interconnect_aresetn_resync_0
    Location             Delay type         Delay(ns)  Physical Resource
                                                       Logical Resource(s)
    -------------------------------------------------  -------------------
    AB13.I               Tiopi                 1.310   USER_CLOCK
                                                       USER_CLOCK
                                                       USER_CLOCK_IBUFG
                                                       ProtoComp460.IMUX.2
    BUFIO2_X1Y7.I        net (fanout=8)        0.467   USER_CLOCK_IBUFG
    BUFIO2_X1Y7.DIVCLK   Tbufcko_DIVCLK        0.111   SP6_BUFIO2_INSERT_PLL1_ML_BUFIO2_2
                                                       SP6_BUFIO2_INSERT_PLL1_ML_BUFIO2_2
    PLL_ADV_X0Y1.CLKIN2  net (fanout=1)        0.518   uBlaze_SPI/MB_SPI_i/clock_generator_0/clock_generator_0/PLL0_INST/Using_PLL_ADV.PLL_ADV_inst_ML_NEW_DIVCLK
    PLL_ADV_X0Y1.CLKOUT0 Tpllcko_CLK           0.690   uBlaze_SPI/MB_SPI_i/clock_generator_0/clock_generator_0/PLL0_INST/Using_PLL_ADV.PLL_ADV_inst
                                                       uBlaze_SPI/MB_SPI_i/clock_generator_0/clock_generator_0/PLL0_INST/Using_PLL_ADV.PLL_ADV_inst
    BUFGMUX_X2Y9.I0      net (fanout=1)        0.440   uBlaze_SPI/MB_SPI_i/clock_generator_0/clock_generator_0/SIG_PLL0_CLKOUT0
    BUFGMUX_X2Y9.O       Tgi0o                 0.209   uBlaze_SPI/MB_SPI_i/clock_generator_0/clock_generator_0/PLL0_CLKOUT0_BUFG_INST
                                                       uBlaze_SPI/MB_SPI_i/clock_generator_0/clock_generator_0/PLL0_CLKOUT0_BUFG_INST
    SLICE_X35Y70.CLK     net (fanout=832)      1.242   uBlaze_SPI/MB_SPI_i/clk_100_0000MHz
    -------------------------------------------------  ---------------------------
    Total                                      4.987ns (2.320ns logic, 2.667ns route)
                                                       (46.5% logic, 53.5% route)

--------------------------------------------------------------------------------

Paths for end point uBlaze_SPI/MB_SPI_i/axi4lite_0/axi4lite_0/si_converter_bank/gen_conv_slot[0].clock_conv_inst/interconnect_aresetn_resync_1 (SLICE_X35Y70.CLK), 1 path
--------------------------------------------------------------------------------
Delay (setup path):     4.987ns (data path)
  Source:               USER_CLOCK (PAD)
  Destination:          uBlaze_SPI/MB_SPI_i/axi4lite_0/axi4lite_0/si_converter_bank/gen_conv_slot[0].clock_conv_inst/interconnect_aresetn_resync_1 (FF)
  Data Path Delay:      4.987ns (Levels of Logic = 4)

  Maximum Data Path at Slow Process Corner: USER_CLOCK to uBlaze_SPI/MB_SPI_i/axi4lite_0/axi4lite_0/si_converter_bank/gen_conv_slot[0].clock_conv_inst/interconnect_aresetn_resync_1
    Location             Delay type         Delay(ns)  Physical Resource
                                                       Logical Resource(s)
    -------------------------------------------------  -------------------
    AB13.I               Tiopi                 1.310   USER_CLOCK
                                                       USER_CLOCK
                                                       USER_CLOCK_IBUFG
                                                       ProtoComp460.IMUX.2
    BUFIO2_X1Y7.I        net (fanout=8)        0.467   USER_CLOCK_IBUFG
    BUFIO2_X1Y7.DIVCLK   Tbufcko_DIVCLK        0.111   SP6_BUFIO2_INSERT_PLL1_ML_BUFIO2_2
                                                       SP6_BUFIO2_INSERT_PLL1_ML_BUFIO2_2
    PLL_ADV_X0Y1.CLKIN2  net (fanout=1)        0.518   uBlaze_SPI/MB_SPI_i/clock_generator_0/clock_generator_0/PLL0_INST/Using_PLL_ADV.PLL_ADV_inst_ML_NEW_DIVCLK
    PLL_ADV_X0Y1.CLKOUT0 Tpllcko_CLK           0.690   uBlaze_SPI/MB_SPI_i/clock_generator_0/clock_generator_0/PLL0_INST/Using_PLL_ADV.PLL_ADV_inst
                                                       uBlaze_SPI/MB_SPI_i/clock_generator_0/clock_generator_0/PLL0_INST/Using_PLL_ADV.PLL_ADV_inst
    BUFGMUX_X2Y9.I0      net (fanout=1)        0.440   uBlaze_SPI/MB_SPI_i/clock_generator_0/clock_generator_0/SIG_PLL0_CLKOUT0
    BUFGMUX_X2Y9.O       Tgi0o                 0.209   uBlaze_SPI/MB_SPI_i/clock_generator_0/clock_generator_0/PLL0_CLKOUT0_BUFG_INST
                                                       uBlaze_SPI/MB_SPI_i/clock_generator_0/clock_generator_0/PLL0_CLKOUT0_BUFG_INST
    SLICE_X35Y70.CLK     net (fanout=832)      1.242   uBlaze_SPI/MB_SPI_i/clk_100_0000MHz
    -------------------------------------------------  ---------------------------
    Total                                      4.987ns (2.320ns logic, 2.667ns route)
                                                       (46.5% logic, 53.5% route)

--------------------------------------------------------------------------------

Paths for end point uBlaze_SPI/MB_SPI_i/axi4lite_0/axi4lite_0/si_converter_bank/gen_conv_slot[0].clock_conv_inst/interconnect_aresetn_resync_2 (SLICE_X35Y70.CLK), 1 path
--------------------------------------------------------------------------------
Delay (setup path):     4.987ns (data path)
  Source:               USER_CLOCK (PAD)
  Destination:          uBlaze_SPI/MB_SPI_i/axi4lite_0/axi4lite_0/si_converter_bank/gen_conv_slot[0].clock_conv_inst/interconnect_aresetn_resync_2 (FF)
  Data Path Delay:      4.987ns (Levels of Logic = 4)

  Maximum Data Path at Slow Process Corner: USER_CLOCK to uBlaze_SPI/MB_SPI_i/axi4lite_0/axi4lite_0/si_converter_bank/gen_conv_slot[0].clock_conv_inst/interconnect_aresetn_resync_2
    Location             Delay type         Delay(ns)  Physical Resource
                                                       Logical Resource(s)
    -------------------------------------------------  -------------------
    AB13.I               Tiopi                 1.310   USER_CLOCK
                                                       USER_CLOCK
                                                       USER_CLOCK_IBUFG
                                                       ProtoComp460.IMUX.2
    BUFIO2_X1Y7.I        net (fanout=8)        0.467   USER_CLOCK_IBUFG
    BUFIO2_X1Y7.DIVCLK   Tbufcko_DIVCLK        0.111   SP6_BUFIO2_INSERT_PLL1_ML_BUFIO2_2
                                                       SP6_BUFIO2_INSERT_PLL1_ML_BUFIO2_2
    PLL_ADV_X0Y1.CLKIN2  net (fanout=1)        0.518   uBlaze_SPI/MB_SPI_i/clock_generator_0/clock_generator_0/PLL0_INST/Using_PLL_ADV.PLL_ADV_inst_ML_NEW_DIVCLK
    PLL_ADV_X0Y1.CLKOUT0 Tpllcko_CLK           0.690   uBlaze_SPI/MB_SPI_i/clock_generator_0/clock_generator_0/PLL0_INST/Using_PLL_ADV.PLL_ADV_inst
                                                       uBlaze_SPI/MB_SPI_i/clock_generator_0/clock_generator_0/PLL0_INST/Using_PLL_ADV.PLL_ADV_inst
    BUFGMUX_X2Y9.I0      net (fanout=1)        0.440   uBlaze_SPI/MB_SPI_i/clock_generator_0/clock_generator_0/SIG_PLL0_CLKOUT0
    BUFGMUX_X2Y9.O       Tgi0o                 0.209   uBlaze_SPI/MB_SPI_i/clock_generator_0/clock_generator_0/PLL0_CLKOUT0_BUFG_INST
                                                       uBlaze_SPI/MB_SPI_i/clock_generator_0/clock_generator_0/PLL0_CLKOUT0_BUFG_INST
    SLICE_X35Y70.CLK     net (fanout=832)      1.242   uBlaze_SPI/MB_SPI_i/clk_100_0000MHz
    -------------------------------------------------  ---------------------------
    Total                                      4.987ns (2.320ns logic, 2.667ns route)
                                                       (46.5% logic, 53.5% route)

--------------------------------------------------------------------------------

Hold Paths: PATH "TS_axi4lite_0_reset_resync_path" TIG;
--------------------------------------------------------------------------------

Paths for end point uBlaze_SPI/MB_SPI_i/axi4lite_0/axi4lite_0/si_converter_bank/gen_conv_slot[0].clock_conv_inst/interconnect_aresetn_resync_1 (SLICE_X35Y70.BX), 1 path
--------------------------------------------------------------------------------
Delay (hold path):      0.687ns (datapath - clock path skew - uncertainty)
  Source:               uBlaze_SPI/MB_SPI_i/axi4lite_0/axi4lite_0/si_converter_bank/gen_conv_slot[0].clock_conv_inst/interconnect_aresetn_resync_0 (FF)
  Destination:          uBlaze_SPI/MB_SPI_i/axi4lite_0/axi4lite_0/si_converter_bank/gen_conv_slot[0].clock_conv_inst/interconnect_aresetn_resync_1 (FF)
  Data Path Delay:      0.687ns (Levels of Logic = 0)
  Clock Path Skew:      0.000ns
  Source Clock:         uBlaze_SPI/MB_SPI_i/clk_100_0000MHz rising
  Destination Clock:    uBlaze_SPI/MB_SPI_i/clk_100_0000MHz rising
  Clock Uncertainty:    0.000ns

  Minimum Data Path at Fast Process Corner: uBlaze_SPI/MB_SPI_i/axi4lite_0/axi4lite_0/si_converter_bank/gen_conv_slot[0].clock_conv_inst/interconnect_aresetn_resync_0 to uBlaze_SPI/MB_SPI_i/axi4lite_0/axi4lite_0/si_converter_bank/gen_conv_slot[0].clock_conv_inst/interconnect_aresetn_resync_1
    Location             Delay type         Delay(ns)  Physical Resource
                                                       Logical Resource(s)
    -------------------------------------------------  -------------------
    SLICE_X35Y70.AQ      Tcko                  0.198   uBlaze_SPI/MB_SPI_i/axi4lite_0/axi4lite_0/si_converter_bank/gen_conv_slot[0].clock_conv_inst/interconnect_aresetn_resync<2>
                                                       uBlaze_SPI/MB_SPI_i/axi4lite_0/axi4lite_0/si_converter_bank/gen_conv_slot[0].clock_conv_inst/interconnect_aresetn_resync_0
    SLICE_X35Y70.BX      net (fanout=1)        0.430   uBlaze_SPI/MB_SPI_i/axi4lite_0/axi4lite_0/si_converter_bank/gen_conv_slot[0].clock_conv_inst/interconnect_aresetn_resync<0>
    SLICE_X35Y70.CLK     Tckdi       (-Th)    -0.059   uBlaze_SPI/MB_SPI_i/axi4lite_0/axi4lite_0/si_converter_bank/gen_conv_slot[0].clock_conv_inst/interconnect_aresetn_resync<2>
                                                       uBlaze_SPI/MB_SPI_i/axi4lite_0/axi4lite_0/si_converter_bank/gen_conv_slot[0].clock_conv_inst/interconnect_aresetn_resync_1
    -------------------------------------------------  ---------------------------
    Total                                      0.687ns (0.257ns logic, 0.430ns route)
                                                       (37.4% logic, 62.6% route)

--------------------------------------------------------------------------------

Paths for end point uBlaze_SPI/MB_SPI_i/axi4lite_0/axi4lite_0/mi_converter_bank/gen_conv_slot[0].clock_conv_inst/interconnect_aresetn_resync_1 (SLICE_X35Y72.BX), 1 path
--------------------------------------------------------------------------------
Delay (hold path):      0.687ns (datapath - clock path skew - uncertainty)
  Source:               uBlaze_SPI/MB_SPI_i/axi4lite_0/axi4lite_0/mi_converter_bank/gen_conv_slot[0].clock_conv_inst/interconnect_aresetn_resync_0 (FF)
  Destination:          uBlaze_SPI/MB_SPI_i/axi4lite_0/axi4lite_0/mi_converter_bank/gen_conv_slot[0].clock_conv_inst/interconnect_aresetn_resync_1 (FF)
  Data Path Delay:      0.687ns (Levels of Logic = 0)
  Clock Path Skew:      0.000ns
  Source Clock:         uBlaze_SPI/MB_SPI_i/clk_100_0000MHz rising
  Destination Clock:    uBlaze_SPI/MB_SPI_i/clk_100_0000MHz rising
  Clock Uncertainty:    0.000ns

  Minimum Data Path at Fast Process Corner: uBlaze_SPI/MB_SPI_i/axi4lite_0/axi4lite_0/mi_converter_bank/gen_conv_slot[0].clock_conv_inst/interconnect_aresetn_resync_0 to uBlaze_SPI/MB_SPI_i/axi4lite_0/axi4lite_0/mi_converter_bank/gen_conv_slot[0].clock_conv_inst/interconnect_aresetn_resync_1
    Location             Delay type         Delay(ns)  Physical Resource
                                                       Logical Resource(s)
    -------------------------------------------------  -------------------
    SLICE_X35Y72.AQ      Tcko                  0.198   uBlaze_SPI/MB_SPI_i/axi4lite_0/axi4lite_0/mi_converter_bank/gen_conv_slot[0].clock_conv_inst/interconnect_aresetn_resync<2>
                                                       uBlaze_SPI/MB_SPI_i/axi4lite_0/axi4lite_0/mi_converter_bank/gen_conv_slot[0].clock_conv_inst/interconnect_aresetn_resync_0
    SLICE_X35Y72.BX      net (fanout=1)        0.430   uBlaze_SPI/MB_SPI_i/axi4lite_0/axi4lite_0/mi_converter_bank/gen_conv_slot[0].clock_conv_inst/interconnect_aresetn_resync<0>
    SLICE_X35Y72.CLK     Tckdi       (-Th)    -0.059   uBlaze_SPI/MB_SPI_i/axi4lite_0/axi4lite_0/mi_converter_bank/gen_conv_slot[0].clock_conv_inst/interconnect_aresetn_resync<2>
                                                       uBlaze_SPI/MB_SPI_i/axi4lite_0/axi4lite_0/mi_converter_bank/gen_conv_slot[0].clock_conv_inst/interconnect_aresetn_resync_1
    -------------------------------------------------  ---------------------------
    Total                                      0.687ns (0.257ns logic, 0.430ns route)
                                                       (37.4% logic, 62.6% route)

--------------------------------------------------------------------------------

Paths for end point uBlaze_SPI/MB_SPI_i/axi4lite_0/axi4lite_0/si_converter_bank/gen_conv_slot[0].clock_conv_inst/interconnect_aresetn_resync_2 (SLICE_X35Y70.CX), 1 path
--------------------------------------------------------------------------------
Delay (hold path):      0.700ns (datapath - clock path skew - uncertainty)
  Source:               uBlaze_SPI/MB_SPI_i/axi4lite_0/axi4lite_0/si_converter_bank/gen_conv_slot[0].clock_conv_inst/interconnect_aresetn_resync_1 (FF)
  Destination:          uBlaze_SPI/MB_SPI_i/axi4lite_0/axi4lite_0/si_converter_bank/gen_conv_slot[0].clock_conv_inst/interconnect_aresetn_resync_2 (FF)
  Data Path Delay:      0.700ns (Levels of Logic = 0)
  Clock Path Skew:      0.000ns
  Source Clock:         uBlaze_SPI/MB_SPI_i/clk_100_0000MHz rising
  Destination Clock:    uBlaze_SPI/MB_SPI_i/clk_100_0000MHz rising
  Clock Uncertainty:    0.000ns

  Minimum Data Path at Fast Process Corner: uBlaze_SPI/MB_SPI_i/axi4lite_0/axi4lite_0/si_converter_bank/gen_conv_slot[0].clock_conv_inst/interconnect_aresetn_resync_1 to uBlaze_SPI/MB_SPI_i/axi4lite_0/axi4lite_0/si_converter_bank/gen_conv_slot[0].clock_conv_inst/interconnect_aresetn_resync_2
    Location             Delay type         Delay(ns)  Physical Resource
                                                       Logical Resource(s)
    -------------------------------------------------  -------------------
    SLICE_X35Y70.BQ      Tcko                  0.198   uBlaze_SPI/MB_SPI_i/axi4lite_0/axi4lite_0/si_converter_bank/gen_conv_slot[0].clock_conv_inst/interconnect_aresetn_resync<2>
                                                       uBlaze_SPI/MB_SPI_i/axi4lite_0/axi4lite_0/si_converter_bank/gen_conv_slot[0].clock_conv_inst/interconnect_aresetn_resync_1
    SLICE_X35Y70.CX      net (fanout=1)        0.443   uBlaze_SPI/MB_SPI_i/axi4lite_0/axi4lite_0/si_converter_bank/gen_conv_slot[0].clock_conv_inst/interconnect_aresetn_resync<1>
    SLICE_X35Y70.CLK     Tckdi       (-Th)    -0.059   uBlaze_SPI/MB_SPI_i/axi4lite_0/axi4lite_0/si_converter_bank/gen_conv_slot[0].clock_conv_inst/interconnect_aresetn_resync<2>
                                                       uBlaze_SPI/MB_SPI_i/axi4lite_0/axi4lite_0/si_converter_bank/gen_conv_slot[0].clock_conv_inst/interconnect_aresetn_resync_2
    -------------------------------------------------  ---------------------------
    Total                                      0.700ns (0.257ns logic, 0.443ns route)
                                                       (36.7% logic, 63.3% route)

--------------------------------------------------------------------------------

================================================================================
Timing constraint: PATH "TS_TIG_microblaze_0_dlmb_POR_FF_I_path" TIG;

 1 path analyzed, 1 endpoint analyzed, 0 failing endpoints
 0 timing errors detected. (0 setup errors, 0 hold errors)
--------------------------------------------------------------------------------

Paths for end point uBlaze_SPI/MB_SPI_i/microblaze_0_dlmb/microblaze_0_dlmb/POR_FF_I (SLICE_X52Y70.SR), 1 path
--------------------------------------------------------------------------------
Delay (setup path):     2.563ns (data path - clock path skew + uncertainty)
  Source:               uBlaze_SPI/MB_SPI_i/proc_sys_reset_0/proc_sys_reset_0/Bus_Struct_Reset_0 (FF)
  Destination:          uBlaze_SPI/MB_SPI_i/microblaze_0_dlmb/microblaze_0_dlmb/POR_FF_I (FF)
  Data Path Delay:      2.440ns (Levels of Logic = 0)
  Clock Path Skew:      -0.028ns (0.232 - 0.260)
  Source Clock:         uBlaze_SPI/MB_SPI_i/clk_100_0000MHz rising
  Destination Clock:    uBlaze_SPI/MB_SPI_i/clk_100_0000MHz rising
  Clock Uncertainty:    0.095ns

  Clock Uncertainty:          0.095ns  ((TSJ^2 + DJ^2)^1/2) / 2 + PE
    Total System Jitter (TSJ):  0.070ns
    Discrete Jitter (DJ):       0.177ns
    Phase Error (PE):           0.000ns

  Maximum Data Path at Slow Process Corner: uBlaze_SPI/MB_SPI_i/proc_sys_reset_0/proc_sys_reset_0/Bus_Struct_Reset_0 to uBlaze_SPI/MB_SPI_i/microblaze_0_dlmb/microblaze_0_dlmb/POR_FF_I
    Location             Delay type         Delay(ns)  Physical Resource
                                                       Logical Resource(s)
    -------------------------------------------------  -------------------
    SLICE_X39Y64.DQ      Tcko                  0.391   uBlaze_SPI/MB_SPI_i/proc_sys_reset_0_BUS_STRUCT_RESET
                                                       uBlaze_SPI/MB_SPI_i/proc_sys_reset_0/proc_sys_reset_0/Bus_Struct_Reset_0
    SLICE_X52Y70.SR      net (fanout=2)        1.659   uBlaze_SPI/MB_SPI_i/proc_sys_reset_0_BUS_STRUCT_RESET
    SLICE_X52Y70.CLK     Tsrck                 0.390   uBlaze_SPI/MB_SPI_i/microblaze_0_dlmb_LMB_Rst
                                                       uBlaze_SPI/MB_SPI_i/microblaze_0_dlmb/microblaze_0_dlmb/POR_FF_I
    -------------------------------------------------  ---------------------------
    Total                                      2.440ns (0.781ns logic, 1.659ns route)
                                                       (32.0% logic, 68.0% route)

--------------------------------------------------------------------------------

Hold Paths: PATH "TS_TIG_microblaze_0_dlmb_POR_FF_I_path" TIG;
--------------------------------------------------------------------------------

Paths for end point uBlaze_SPI/MB_SPI_i/microblaze_0_dlmb/microblaze_0_dlmb/POR_FF_I (SLICE_X52Y70.SR), 1 path
--------------------------------------------------------------------------------
Delay (hold path):      1.207ns (datapath - clock path skew - uncertainty)
  Source:               uBlaze_SPI/MB_SPI_i/proc_sys_reset_0/proc_sys_reset_0/Bus_Struct_Reset_0 (FF)
  Destination:          uBlaze_SPI/MB_SPI_i/microblaze_0_dlmb/microblaze_0_dlmb/POR_FF_I (FF)
  Data Path Delay:      1.197ns (Levels of Logic = 0)
  Clock Path Skew:      -0.010ns (0.066 - 0.076)
  Source Clock:         uBlaze_SPI/MB_SPI_i/clk_100_0000MHz rising
  Destination Clock:    uBlaze_SPI/MB_SPI_i/clk_100_0000MHz rising
  Clock Uncertainty:    0.000ns

  Minimum Data Path at Fast Process Corner: uBlaze_SPI/MB_SPI_i/proc_sys_reset_0/proc_sys_reset_0/Bus_Struct_Reset_0 to uBlaze_SPI/MB_SPI_i/microblaze_0_dlmb/microblaze_0_dlmb/POR_FF_I
    Location             Delay type         Delay(ns)  Physical Resource
                                                       Logical Resource(s)
    -------------------------------------------------  -------------------
    SLICE_X39Y64.DQ      Tcko                  0.198   uBlaze_SPI/MB_SPI_i/proc_sys_reset_0_BUS_STRUCT_RESET
                                                       uBlaze_SPI/MB_SPI_i/proc_sys_reset_0/proc_sys_reset_0/Bus_Struct_Reset_0
    SLICE_X52Y70.SR      net (fanout=2)        0.974   uBlaze_SPI/MB_SPI_i/proc_sys_reset_0_BUS_STRUCT_RESET
    SLICE_X52Y70.CLK     Tcksr       (-Th)    -0.025   uBlaze_SPI/MB_SPI_i/microblaze_0_dlmb_LMB_Rst
                                                       uBlaze_SPI/MB_SPI_i/microblaze_0_dlmb/microblaze_0_dlmb/POR_FF_I
    -------------------------------------------------  ---------------------------
    Total                                      1.197ns (0.223ns logic, 0.974ns route)
                                                       (18.6% logic, 81.4% route)

--------------------------------------------------------------------------------

================================================================================
Timing constraint: PATH "TS_TIG_microblaze_0_ilmb_POR_FF_I_path" TIG;

 1 path analyzed, 1 endpoint analyzed, 0 failing endpoints
 0 timing errors detected. (0 setup errors, 0 hold errors)
--------------------------------------------------------------------------------

Paths for end point uBlaze_SPI/MB_SPI_i/microblaze_0_ilmb/microblaze_0_ilmb/POR_FF_I (SLICE_X49Y70.SR), 1 path
--------------------------------------------------------------------------------
Delay (setup path):     2.141ns (data path - clock path skew + uncertainty)
  Source:               uBlaze_SPI/MB_SPI_i/proc_sys_reset_0/proc_sys_reset_0/Bus_Struct_Reset_0 (FF)
  Destination:          uBlaze_SPI/MB_SPI_i/microblaze_0_ilmb/microblaze_0_ilmb/POR_FF_I (FF)
  Data Path Delay:      2.019ns (Levels of Logic = 0)
  Clock Path Skew:      -0.027ns (0.233 - 0.260)
  Source Clock:         uBlaze_SPI/MB_SPI_i/clk_100_0000MHz rising
  Destination Clock:    uBlaze_SPI/MB_SPI_i/clk_100_0000MHz rising
  Clock Uncertainty:    0.095ns

  Clock Uncertainty:          0.095ns  ((TSJ^2 + DJ^2)^1/2) / 2 + PE
    Total System Jitter (TSJ):  0.070ns
    Discrete Jitter (DJ):       0.177ns
    Phase Error (PE):           0.000ns

  Maximum Data Path at Slow Process Corner: uBlaze_SPI/MB_SPI_i/proc_sys_reset_0/proc_sys_reset_0/Bus_Struct_Reset_0 to uBlaze_SPI/MB_SPI_i/microblaze_0_ilmb/microblaze_0_ilmb/POR_FF_I
    Location             Delay type         Delay(ns)  Physical Resource
                                                       Logical Resource(s)
    -------------------------------------------------  -------------------
    SLICE_X39Y64.DQ      Tcko                  0.391   uBlaze_SPI/MB_SPI_i/proc_sys_reset_0_BUS_STRUCT_RESET
                                                       uBlaze_SPI/MB_SPI_i/proc_sys_reset_0/proc_sys_reset_0/Bus_Struct_Reset_0
    SLICE_X49Y70.SR      net (fanout=2)        1.249   uBlaze_SPI/MB_SPI_i/proc_sys_reset_0_BUS_STRUCT_RESET
    SLICE_X49Y70.CLK     Tsrck                 0.379   uBlaze_SPI/MB_SPI_i/microblaze_0_ilmb_LMB_Rst
                                                       uBlaze_SPI/MB_SPI_i/microblaze_0_ilmb/microblaze_0_ilmb/POR_FF_I
    -------------------------------------------------  ---------------------------
    Total                                      2.019ns (0.770ns logic, 1.249ns route)
                                                       (38.1% logic, 61.9% route)

--------------------------------------------------------------------------------

Hold Paths: PATH "TS_TIG_microblaze_0_ilmb_POR_FF_I_path" TIG;
--------------------------------------------------------------------------------

Paths for end point uBlaze_SPI/MB_SPI_i/microblaze_0_ilmb/microblaze_0_ilmb/POR_FF_I (SLICE_X49Y70.SR), 1 path
--------------------------------------------------------------------------------
Delay (hold path):      1.010ns (datapath - clock path skew - uncertainty)
  Source:               uBlaze_SPI/MB_SPI_i/proc_sys_reset_0/proc_sys_reset_0/Bus_Struct_Reset_0 (FF)
  Destination:          uBlaze_SPI/MB_SPI_i/microblaze_0_ilmb/microblaze_0_ilmb/POR_FF_I (FF)
  Data Path Delay:      1.001ns (Levels of Logic = 0)
  Clock Path Skew:      -0.009ns (0.067 - 0.076)
  Source Clock:         uBlaze_SPI/MB_SPI_i/clk_100_0000MHz rising
  Destination Clock:    uBlaze_SPI/MB_SPI_i/clk_100_0000MHz rising
  Clock Uncertainty:    0.000ns

  Minimum Data Path at Fast Process Corner: uBlaze_SPI/MB_SPI_i/proc_sys_reset_0/proc_sys_reset_0/Bus_Struct_Reset_0 to uBlaze_SPI/MB_SPI_i/microblaze_0_ilmb/microblaze_0_ilmb/POR_FF_I
    Location             Delay type         Delay(ns)  Physical Resource
                                                       Logical Resource(s)
    -------------------------------------------------  -------------------
    SLICE_X39Y64.DQ      Tcko                  0.198   uBlaze_SPI/MB_SPI_i/proc_sys_reset_0_BUS_STRUCT_RESET
                                                       uBlaze_SPI/MB_SPI_i/proc_sys_reset_0/proc_sys_reset_0/Bus_Struct_Reset_0
    SLICE_X49Y70.SR      net (fanout=2)        0.764   uBlaze_SPI/MB_SPI_i/proc_sys_reset_0_BUS_STRUCT_RESET
    SLICE_X49Y70.CLK     Tcksr       (-Th)    -0.039   uBlaze_SPI/MB_SPI_i/microblaze_0_ilmb_LMB_Rst
                                                       uBlaze_SPI/MB_SPI_i/microblaze_0_ilmb/microblaze_0_ilmb/POR_FF_I
    -------------------------------------------------  ---------------------------
    Total                                      1.001ns (0.237ns logic, 0.764ns route)
                                                       (23.7% logic, 76.3% route)

--------------------------------------------------------------------------------


All constraints were met.


Data Sheet report:
-----------------
All values displayed in nanoseconds (ns)

Clock to Setup on destination clock USER_CLOCK
---------------+---------+---------+---------+---------+
               | Src:Rise| Src:Fall| Src:Rise| Src:Fall|
Source Clock   |Dest:Rise|Dest:Rise|Dest:Fall|Dest:Fall|
---------------+---------+---------+---------+---------+
USER_CLOCK     |    8.254|         |         |         |
---------------+---------+---------+---------+---------+


Timing summary:
---------------

Timing errors: 0  Score: 0  (Setup/Max: 0, Hold: 0)

Constraints cover 29 paths, 0 nets, and 28 connections

Design statistics:
No global statistics to report.

Analysis completed Tue May 16 12:47:32 2017 
--------------------------------------------------------------------------------

Trace Settings:
-------------------------
Trace Settings 

Peak Memory Usage: 455 MB



