--------------------------------------------------------------------------------
Release 14.7 Trace  (nt64)
Copyright (c) 1995-2013 Xilinx, Inc.  All rights reserved.

D:\ISE\14.7\ISE_DS\ISE\bin\nt64\unwrapped\trce.exe -intstyle ise -v 3 -s 3 -n 3
-fastpaths -xml MB_top.twx MB_top.ncd -o MB_top.twr MB_top.pcf -ucf
Microblaze_System_top.ucf

Design file:              MB_top.ncd
Physical constraint file: MB_top.pcf
Device,package,speed:     xc6slx25t,fgg484,C,-3 (PRODUCTION 1.23 2013-10-13)
Report level:             verbose report

Environment Variable      Effect 
--------------------      ------ 
NONE                      No environment variables were set
--------------------------------------------------------------------------------

INFO:Timing:3412 - To improve timing, see the Timing Closure User Guide (UG612).
INFO:Timing:2752 - To get complete path coverage, use the unconstrained paths 
   option. All paths that are not constrained will be reported in the 
   unconstrained paths section(s) of the report.
INFO:Timing:3339 - The clock-to-out numbers in this timing report are based on 
   a 50 Ohm transmission line loading model.  For the details of this model, 
   and for more information on accounting for different loading conditions, 
   please see the device datasheet.

================================================================================
Timing constraint: PATH "TS_TIG_microblaze_0_Reset_path" TIG;

 3 paths analyzed, 1 endpoint analyzed, 0 failing endpoints
 0 timing errors detected. (0 setup errors, 0 hold errors)
--------------------------------------------------------------------------------

Paths for end point uBlaze_SPI/MB_SPI_i/microblaze_0/microblaze_0/MicroBlaze_Core_I/Reset_DFF.reset_temp (SLICE_X33Y42.A4), 3 paths
--------------------------------------------------------------------------------
Delay (setup path):     7.030ns (data path - clock path skew + uncertainty)
  Source:               uBlaze_SPI/MB_SPI_i/proc_sys_reset_0/proc_sys_reset_0/MB_Reset (FF)
  Destination:          uBlaze_SPI/MB_SPI_i/microblaze_0/microblaze_0/MicroBlaze_Core_I/Reset_DFF.reset_temp (FF)
  Data Path Delay:      6.753ns (Levels of Logic = 2)
  Clock Path Skew:      -0.182ns (0.345 - 0.527)
  Source Clock:         uBlaze_SPI/MB_SPI_i/clk_100_0000MHz rising
  Destination Clock:    uBlaze_SPI/MB_SPI_i/clk_100_0000MHz rising
  Clock Uncertainty:    0.095ns

  Clock Uncertainty:          0.095ns  ((TSJ^2 + DJ^2)^1/2) / 2 + PE
    Total System Jitter (TSJ):  0.070ns
    Discrete Jitter (DJ):       0.177ns
    Phase Error (PE):           0.000ns

  Maximum Data Path at Slow Process Corner: uBlaze_SPI/MB_SPI_i/proc_sys_reset_0/proc_sys_reset_0/MB_Reset to uBlaze_SPI/MB_SPI_i/microblaze_0/microblaze_0/MicroBlaze_Core_I/Reset_DFF.reset_temp
    Location             Delay type         Delay(ns)  Physical Resource
                                                       Logical Resource(s)
    -------------------------------------------------  -------------------
    SLICE_X7Y23.DQ       Tcko                  0.391   uBlaze_SPI/MB_SPI_i/proc_sys_reset_0_MB_Reset
                                                       uBlaze_SPI/MB_SPI_i/proc_sys_reset_0/proc_sys_reset_0/MB_Reset
    SLICE_X32Y42.A5      net (fanout=92)       5.583   uBlaze_SPI/MB_SPI_i/proc_sys_reset_0_MB_Reset
    SLICE_X32Y42.AMUX    Tilo                  0.251   uBlaze_SPI/MB_SPI_i/microblaze_0/microblaze_0/MicroBlaze_Core_I/Performance.ex_reverse_mem_access
                                                       uBlaze_SPI/MB_SPI_i/microblaze_0/microblaze_0/MicroBlaze_Core_I/Reset_Debug_Rst_OR_2_o1
    SLICE_X33Y42.A4      net (fanout=1)        0.301   uBlaze_SPI/MB_SPI_i/microblaze_0/microblaze_0/MicroBlaze_Core_I/Reset_Debug_Rst_OR_2_o
    SLICE_X33Y42.CLK     Tas                   0.227   uBlaze_SPI/MB_SPI_i/microblaze_0/microblaze_0/MicroBlaze_Core_I/sync_reset
                                                       uBlaze_SPI/MB_SPI_i/microblaze_0/microblaze_0/MicroBlaze_Core_I/Reset_Debug_Rst_OR_2_o_rt
                                                       uBlaze_SPI/MB_SPI_i/microblaze_0/microblaze_0/MicroBlaze_Core_I/Reset_DFF.reset_temp
    -------------------------------------------------  ---------------------------
    Total                                      6.753ns (0.869ns logic, 5.884ns route)
                                                       (12.9% logic, 87.1% route)

--------------------------------------------------------------------------------
Delay (setup path):     2.610ns (data path - clock path skew + uncertainty)
  Source:               uBlaze_SPI/MB_SPI_i/debug_module/debug_module/MDM_Core_I1/JTAG_CONTROL_I/Debug_Rst_i (FF)
  Destination:          uBlaze_SPI/MB_SPI_i/microblaze_0/microblaze_0/MicroBlaze_Core_I/Reset_DFF.reset_temp (FF)
  Data Path Delay:      2.575ns (Levels of Logic = 2)
  Clock Path Skew:      0.000ns
  Source Clock:         uBlaze_SPI/MB_SPI_i/microblaze_0_debug_Dbg_Update rising
  Destination Clock:    uBlaze_SPI/MB_SPI_i/clk_100_0000MHz rising
  Clock Uncertainty:    0.035ns

  Clock Uncertainty:          0.035ns  ((TSJ^2 + TIJ^2)^1/2 + DJ) / 2 + PE
    Total System Jitter (TSJ):  0.070ns
    Total Input Jitter (TIJ):   0.000ns
    Discrete Jitter (DJ):       0.000ns
    Phase Error (PE):           0.000ns

  Maximum Data Path at Slow Process Corner: uBlaze_SPI/MB_SPI_i/debug_module/debug_module/MDM_Core_I1/JTAG_CONTROL_I/Debug_Rst_i to uBlaze_SPI/MB_SPI_i/microblaze_0/microblaze_0/MicroBlaze_Core_I/Reset_DFF.reset_temp
    Location             Delay type         Delay(ns)  Physical Resource
                                                       Logical Resource(s)
    -------------------------------------------------  -------------------
    SLICE_X30Y54.AQ      Tcko                  0.447   uBlaze_SPI/MB_SPI_i/microblaze_0_debug_Debug_Rst
                                                       uBlaze_SPI/MB_SPI_i/debug_module/debug_module/MDM_Core_I1/JTAG_CONTROL_I/Debug_Rst_i
    SLICE_X32Y42.A3      net (fanout=1)        1.349   uBlaze_SPI/MB_SPI_i/microblaze_0_debug_Debug_Rst
    SLICE_X32Y42.AMUX    Tilo                  0.251   uBlaze_SPI/MB_SPI_i/microblaze_0/microblaze_0/MicroBlaze_Core_I/Performance.ex_reverse_mem_access
                                                       uBlaze_SPI/MB_SPI_i/microblaze_0/microblaze_0/MicroBlaze_Core_I/Reset_Debug_Rst_OR_2_o1
    SLICE_X33Y42.A4      net (fanout=1)        0.301   uBlaze_SPI/MB_SPI_i/microblaze_0/microblaze_0/MicroBlaze_Core_I/Reset_Debug_Rst_OR_2_o
    SLICE_X33Y42.CLK     Tas                   0.227   uBlaze_SPI/MB_SPI_i/microblaze_0/microblaze_0/MicroBlaze_Core_I/sync_reset
                                                       uBlaze_SPI/MB_SPI_i/microblaze_0/microblaze_0/MicroBlaze_Core_I/Reset_Debug_Rst_OR_2_o_rt
                                                       uBlaze_SPI/MB_SPI_i/microblaze_0/microblaze_0/MicroBlaze_Core_I/Reset_DFF.reset_temp
    -------------------------------------------------  ---------------------------
    Total                                      2.575ns (0.925ns logic, 1.650ns route)
                                                       (35.9% logic, 64.1% route)

--------------------------------------------------------------------------------
Delay (setup path):     2.466ns (data path - clock path skew + uncertainty)
  Source:               uBlaze_SPI/MB_SPI_i/microblaze_0_dlmb/microblaze_0_dlmb/POR_FF_I (FF)
  Destination:          uBlaze_SPI/MB_SPI_i/microblaze_0/microblaze_0/MicroBlaze_Core_I/Reset_DFF.reset_temp (FF)
  Data Path Delay:      2.334ns (Levels of Logic = 2)
  Clock Path Skew:      -0.037ns (0.345 - 0.382)
  Source Clock:         uBlaze_SPI/MB_SPI_i/clk_100_0000MHz rising
  Destination Clock:    uBlaze_SPI/MB_SPI_i/clk_100_0000MHz rising
  Clock Uncertainty:    0.095ns

  Clock Uncertainty:          0.095ns  ((TSJ^2 + DJ^2)^1/2) / 2 + PE
    Total System Jitter (TSJ):  0.070ns
    Discrete Jitter (DJ):       0.177ns
    Phase Error (PE):           0.000ns

  Maximum Data Path at Slow Process Corner: uBlaze_SPI/MB_SPI_i/microblaze_0_dlmb/microblaze_0_dlmb/POR_FF_I to uBlaze_SPI/MB_SPI_i/microblaze_0/microblaze_0/MicroBlaze_Core_I/Reset_DFF.reset_temp
    Location             Delay type         Delay(ns)  Physical Resource
                                                       Logical Resource(s)
    -------------------------------------------------  -------------------
    SLICE_X27Y44.AQ      Tcko                  0.391   uBlaze_SPI/MB_SPI_i/microblaze_0_dlmb_LMB_Rst
                                                       uBlaze_SPI/MB_SPI_i/microblaze_0_dlmb/microblaze_0_dlmb/POR_FF_I
    SLICE_X32Y42.A2      net (fanout=2)        1.164   uBlaze_SPI/MB_SPI_i/microblaze_0_dlmb_LMB_Rst
    SLICE_X32Y42.AMUX    Tilo                  0.251   uBlaze_SPI/MB_SPI_i/microblaze_0/microblaze_0/MicroBlaze_Core_I/Performance.ex_reverse_mem_access
                                                       uBlaze_SPI/MB_SPI_i/microblaze_0/microblaze_0/MicroBlaze_Core_I/Reset_Debug_Rst_OR_2_o1
    SLICE_X33Y42.A4      net (fanout=1)        0.301   uBlaze_SPI/MB_SPI_i/microblaze_0/microblaze_0/MicroBlaze_Core_I/Reset_Debug_Rst_OR_2_o
    SLICE_X33Y42.CLK     Tas                   0.227   uBlaze_SPI/MB_SPI_i/microblaze_0/microblaze_0/MicroBlaze_Core_I/sync_reset
                                                       uBlaze_SPI/MB_SPI_i/microblaze_0/microblaze_0/MicroBlaze_Core_I/Reset_Debug_Rst_OR_2_o_rt
                                                       uBlaze_SPI/MB_SPI_i/microblaze_0/microblaze_0/MicroBlaze_Core_I/Reset_DFF.reset_temp
    -------------------------------------------------  ---------------------------
    Total                                      2.334ns (0.869ns logic, 1.465ns route)
                                                       (37.2% logic, 62.8% route)

--------------------------------------------------------------------------------

Hold Paths: PATH "TS_TIG_microblaze_0_Reset_path" TIG;
--------------------------------------------------------------------------------

Paths for end point uBlaze_SPI/MB_SPI_i/microblaze_0/microblaze_0/MicroBlaze_Core_I/Reset_DFF.reset_temp (SLICE_X33Y42.A4), 3 paths
--------------------------------------------------------------------------------
Delay (hold path):      1.407ns (datapath - clock path skew - uncertainty)
  Source:               uBlaze_SPI/MB_SPI_i/microblaze_0_dlmb/microblaze_0_dlmb/POR_FF_I (FF)
  Destination:          uBlaze_SPI/MB_SPI_i/microblaze_0/microblaze_0/MicroBlaze_Core_I/Reset_DFF.reset_temp (FF)
  Data Path Delay:      1.395ns (Levels of Logic = 2)
  Clock Path Skew:      -0.012ns (0.128 - 0.140)
  Source Clock:         uBlaze_SPI/MB_SPI_i/clk_100_0000MHz rising
  Destination Clock:    uBlaze_SPI/MB_SPI_i/clk_100_0000MHz rising
  Clock Uncertainty:    0.000ns

  Minimum Data Path at Fast Process Corner: uBlaze_SPI/MB_SPI_i/microblaze_0_dlmb/microblaze_0_dlmb/POR_FF_I to uBlaze_SPI/MB_SPI_i/microblaze_0/microblaze_0/MicroBlaze_Core_I/Reset_DFF.reset_temp
    Location             Delay type         Delay(ns)  Physical Resource
                                                       Logical Resource(s)
    -------------------------------------------------  -------------------
    SLICE_X27Y44.AQ      Tcko                  0.198   uBlaze_SPI/MB_SPI_i/microblaze_0_dlmb_LMB_Rst
                                                       uBlaze_SPI/MB_SPI_i/microblaze_0_dlmb/microblaze_0_dlmb/POR_FF_I
    SLICE_X32Y42.A2      net (fanout=2)        0.750   uBlaze_SPI/MB_SPI_i/microblaze_0_dlmb_LMB_Rst
    SLICE_X32Y42.AMUX    Tilo                  0.183   uBlaze_SPI/MB_SPI_i/microblaze_0/microblaze_0/MicroBlaze_Core_I/Performance.ex_reverse_mem_access
                                                       uBlaze_SPI/MB_SPI_i/microblaze_0/microblaze_0/MicroBlaze_Core_I/Reset_Debug_Rst_OR_2_o1
    SLICE_X33Y42.A4      net (fanout=1)        0.109   uBlaze_SPI/MB_SPI_i/microblaze_0/microblaze_0/MicroBlaze_Core_I/Reset_Debug_Rst_OR_2_o
    SLICE_X33Y42.CLK     Tah         (-Th)    -0.155   uBlaze_SPI/MB_SPI_i/microblaze_0/microblaze_0/MicroBlaze_Core_I/sync_reset
                                                       uBlaze_SPI/MB_SPI_i/microblaze_0/microblaze_0/MicroBlaze_Core_I/Reset_Debug_Rst_OR_2_o_rt
                                                       uBlaze_SPI/MB_SPI_i/microblaze_0/microblaze_0/MicroBlaze_Core_I/Reset_DFF.reset_temp
    -------------------------------------------------  ---------------------------
    Total                                      1.395ns (0.536ns logic, 0.859ns route)
                                                       (38.4% logic, 61.6% route)

--------------------------------------------------------------------------------
Delay (hold path):      1.449ns (datapath - clock path skew - uncertainty)
  Source:               uBlaze_SPI/MB_SPI_i/debug_module/debug_module/MDM_Core_I1/JTAG_CONTROL_I/Debug_Rst_i (FF)
  Destination:          uBlaze_SPI/MB_SPI_i/microblaze_0/microblaze_0/MicroBlaze_Core_I/Reset_DFF.reset_temp (FF)
  Data Path Delay:      1.449ns (Levels of Logic = 2)
  Clock Path Skew:      0.000ns
  Source Clock:         uBlaze_SPI/MB_SPI_i/microblaze_0_debug_Dbg_Update rising
  Destination Clock:    uBlaze_SPI/MB_SPI_i/clk_100_0000MHz rising
  Clock Uncertainty:    0.000ns

  Minimum Data Path at Fast Process Corner: uBlaze_SPI/MB_SPI_i/debug_module/debug_module/MDM_Core_I1/JTAG_CONTROL_I/Debug_Rst_i to uBlaze_SPI/MB_SPI_i/microblaze_0/microblaze_0/MicroBlaze_Core_I/Reset_DFF.reset_temp
    Location             Delay type         Delay(ns)  Physical Resource
                                                       Logical Resource(s)
    -------------------------------------------------  -------------------
    SLICE_X30Y54.AQ      Tcko                  0.234   uBlaze_SPI/MB_SPI_i/microblaze_0_debug_Debug_Rst
                                                       uBlaze_SPI/MB_SPI_i/debug_module/debug_module/MDM_Core_I1/JTAG_CONTROL_I/Debug_Rst_i
    SLICE_X32Y42.A3      net (fanout=1)        0.768   uBlaze_SPI/MB_SPI_i/microblaze_0_debug_Debug_Rst
    SLICE_X32Y42.AMUX    Tilo                  0.183   uBlaze_SPI/MB_SPI_i/microblaze_0/microblaze_0/MicroBlaze_Core_I/Performance.ex_reverse_mem_access
                                                       uBlaze_SPI/MB_SPI_i/microblaze_0/microblaze_0/MicroBlaze_Core_I/Reset_Debug_Rst_OR_2_o1
    SLICE_X33Y42.A4      net (fanout=1)        0.109   uBlaze_SPI/MB_SPI_i/microblaze_0/microblaze_0/MicroBlaze_Core_I/Reset_Debug_Rst_OR_2_o
    SLICE_X33Y42.CLK     Tah         (-Th)    -0.155   uBlaze_SPI/MB_SPI_i/microblaze_0/microblaze_0/MicroBlaze_Core_I/sync_reset
                                                       uBlaze_SPI/MB_SPI_i/microblaze_0/microblaze_0/MicroBlaze_Core_I/Reset_Debug_Rst_OR_2_o_rt
                                                       uBlaze_SPI/MB_SPI_i/microblaze_0/microblaze_0/MicroBlaze_Core_I/Reset_DFF.reset_temp
    -------------------------------------------------  ---------------------------
    Total                                      1.449ns (0.572ns logic, 0.877ns route)
                                                       (39.5% logic, 60.5% route)

--------------------------------------------------------------------------------
Delay (hold path):      4.405ns (datapath - clock path skew - uncertainty)
  Source:               uBlaze_SPI/MB_SPI_i/proc_sys_reset_0/proc_sys_reset_0/MB_Reset (FF)
  Destination:          uBlaze_SPI/MB_SPI_i/microblaze_0/microblaze_0/MicroBlaze_Core_I/Reset_DFF.reset_temp (FF)
  Data Path Delay:      4.248ns (Levels of Logic = 2)
  Clock Path Skew:      -0.157ns (0.128 - 0.285)
  Source Clock:         uBlaze_SPI/MB_SPI_i/clk_100_0000MHz rising
  Destination Clock:    uBlaze_SPI/MB_SPI_i/clk_100_0000MHz rising
  Clock Uncertainty:    0.000ns

  Minimum Data Path at Fast Process Corner: uBlaze_SPI/MB_SPI_i/proc_sys_reset_0/proc_sys_reset_0/MB_Reset to uBlaze_SPI/MB_SPI_i/microblaze_0/microblaze_0/MicroBlaze_Core_I/Reset_DFF.reset_temp
    Location             Delay type         Delay(ns)  Physical Resource
                                                       Logical Resource(s)
    -------------------------------------------------  -------------------
    SLICE_X7Y23.DQ       Tcko                  0.198   uBlaze_SPI/MB_SPI_i/proc_sys_reset_0_MB_Reset
                                                       uBlaze_SPI/MB_SPI_i/proc_sys_reset_0/proc_sys_reset_0/MB_Reset
    SLICE_X32Y42.A5      net (fanout=92)       3.603   uBlaze_SPI/MB_SPI_i/proc_sys_reset_0_MB_Reset
    SLICE_X32Y42.AMUX    Tilo                  0.183   uBlaze_SPI/MB_SPI_i/microblaze_0/microblaze_0/MicroBlaze_Core_I/Performance.ex_reverse_mem_access
                                                       uBlaze_SPI/MB_SPI_i/microblaze_0/microblaze_0/MicroBlaze_Core_I/Reset_Debug_Rst_OR_2_o1
    SLICE_X33Y42.A4      net (fanout=1)        0.109   uBlaze_SPI/MB_SPI_i/microblaze_0/microblaze_0/MicroBlaze_Core_I/Reset_Debug_Rst_OR_2_o
    SLICE_X33Y42.CLK     Tah         (-Th)    -0.155   uBlaze_SPI/MB_SPI_i/microblaze_0/microblaze_0/MicroBlaze_Core_I/sync_reset
                                                       uBlaze_SPI/MB_SPI_i/microblaze_0/microblaze_0/MicroBlaze_Core_I/Reset_Debug_Rst_OR_2_o_rt
                                                       uBlaze_SPI/MB_SPI_i/microblaze_0/microblaze_0/MicroBlaze_Core_I/Reset_DFF.reset_temp
    -------------------------------------------------  ---------------------------
    Total                                      4.248ns (0.536ns logic, 3.712ns route)
                                                       (12.6% logic, 87.4% route)

--------------------------------------------------------------------------------

================================================================================
Timing constraint: PATH "TS_axi4lite_0_reset_resync_path" TIG;

 24 paths analyzed, 24 endpoints analyzed, 0 failing endpoints
 0 timing errors detected. (0 setup errors, 0 hold errors)
--------------------------------------------------------------------------------

Paths for end point uBlaze_SPI/MB_SPI_i/axi4lite_0/axi4lite_0/si_converter_bank/gen_conv_slot[0].clock_conv_inst/interconnect_aresetn_resync_0 (SLICE_X1Y46.CLK), 1 path
--------------------------------------------------------------------------------
Delay (setup path):     4.967ns (data path)
  Source:               USER_CLOCK (PAD)
  Destination:          uBlaze_SPI/MB_SPI_i/axi4lite_0/axi4lite_0/si_converter_bank/gen_conv_slot[0].clock_conv_inst/interconnect_aresetn_resync_0 (FF)
  Data Path Delay:      4.967ns (Levels of Logic = 4)

  Maximum Data Path at Slow Process Corner: USER_CLOCK to uBlaze_SPI/MB_SPI_i/axi4lite_0/axi4lite_0/si_converter_bank/gen_conv_slot[0].clock_conv_inst/interconnect_aresetn_resync_0
    Location             Delay type         Delay(ns)  Physical Resource
                                                       Logical Resource(s)
    -------------------------------------------------  -------------------
    AB13.I               Tiopi                 1.310   USER_CLOCK
                                                       USER_CLOCK
                                                       USER_CLOCK_IBUFG
                                                       ProtoComp600.IMUX.10
    BUFIO2_X1Y7.I        net (fanout=9)        0.460   USER_CLOCK_IBUFG
    BUFIO2_X1Y7.DIVCLK   Tbufcko_DIVCLK        0.111   SP6_BUFIO2_INSERT_PLL1_ML_BUFIO2_2
                                                       SP6_BUFIO2_INSERT_PLL1_ML_BUFIO2_2
    PLL_ADV_X0Y0.CLKIN2  net (fanout=1)        0.488   uBlaze_SPI/MB_SPI_i/clock_generator_0/clock_generator_0/PLL0_INST/Using_PLL_ADV.PLL_ADV_inst_ML_NEW_DIVCLK
    PLL_ADV_X0Y0.CLKOUT0 Tpllcko_CLK           0.690   uBlaze_SPI/MB_SPI_i/clock_generator_0/clock_generator_0/PLL0_INST/Using_PLL_ADV.PLL_ADV_inst
                                                       uBlaze_SPI/MB_SPI_i/clock_generator_0/clock_generator_0/PLL0_INST/Using_PLL_ADV.PLL_ADV_inst
    BUFGMUX_X3Y14.I0     net (fanout=1)        0.422   uBlaze_SPI/MB_SPI_i/clock_generator_0/clock_generator_0/SIG_PLL0_CLKOUT0
    BUFGMUX_X3Y14.O      Tgi0o                 0.209   uBlaze_SPI/MB_SPI_i/clock_generator_0/clock_generator_0/PLL0_CLKOUT0_BUFG_INST
                                                       uBlaze_SPI/MB_SPI_i/clock_generator_0/clock_generator_0/PLL0_CLKOUT0_BUFG_INST
    SLICE_X1Y46.CLK      net (fanout=770)      1.277   uBlaze_SPI/MB_SPI_i/clk_100_0000MHz
    -------------------------------------------------  ---------------------------
    Total                                      4.967ns (2.320ns logic, 2.647ns route)
                                                       (46.7% logic, 53.3% route)

--------------------------------------------------------------------------------

Paths for end point uBlaze_SPI/MB_SPI_i/axi4lite_0/axi4lite_0/si_converter_bank/gen_conv_slot[0].clock_conv_inst/interconnect_aresetn_resync_1 (SLICE_X1Y46.CLK), 1 path
--------------------------------------------------------------------------------
Delay (setup path):     4.967ns (data path)
  Source:               USER_CLOCK (PAD)
  Destination:          uBlaze_SPI/MB_SPI_i/axi4lite_0/axi4lite_0/si_converter_bank/gen_conv_slot[0].clock_conv_inst/interconnect_aresetn_resync_1 (FF)
  Data Path Delay:      4.967ns (Levels of Logic = 4)

  Maximum Data Path at Slow Process Corner: USER_CLOCK to uBlaze_SPI/MB_SPI_i/axi4lite_0/axi4lite_0/si_converter_bank/gen_conv_slot[0].clock_conv_inst/interconnect_aresetn_resync_1
    Location             Delay type         Delay(ns)  Physical Resource
                                                       Logical Resource(s)
    -------------------------------------------------  -------------------
    AB13.I               Tiopi                 1.310   USER_CLOCK
                                                       USER_CLOCK
                                                       USER_CLOCK_IBUFG
                                                       ProtoComp600.IMUX.10
    BUFIO2_X1Y7.I        net (fanout=9)        0.460   USER_CLOCK_IBUFG
    BUFIO2_X1Y7.DIVCLK   Tbufcko_DIVCLK        0.111   SP6_BUFIO2_INSERT_PLL1_ML_BUFIO2_2
                                                       SP6_BUFIO2_INSERT_PLL1_ML_BUFIO2_2
    PLL_ADV_X0Y0.CLKIN2  net (fanout=1)        0.488   uBlaze_SPI/MB_SPI_i/clock_generator_0/clock_generator_0/PLL0_INST/Using_PLL_ADV.PLL_ADV_inst_ML_NEW_DIVCLK
    PLL_ADV_X0Y0.CLKOUT0 Tpllcko_CLK           0.690   uBlaze_SPI/MB_SPI_i/clock_generator_0/clock_generator_0/PLL0_INST/Using_PLL_ADV.PLL_ADV_inst
                                                       uBlaze_SPI/MB_SPI_i/clock_generator_0/clock_generator_0/PLL0_INST/Using_PLL_ADV.PLL_ADV_inst
    BUFGMUX_X3Y14.I0     net (fanout=1)        0.422   uBlaze_SPI/MB_SPI_i/clock_generator_0/clock_generator_0/SIG_PLL0_CLKOUT0
    BUFGMUX_X3Y14.O      Tgi0o                 0.209   uBlaze_SPI/MB_SPI_i/clock_generator_0/clock_generator_0/PLL0_CLKOUT0_BUFG_INST
                                                       uBlaze_SPI/MB_SPI_i/clock_generator_0/clock_generator_0/PLL0_CLKOUT0_BUFG_INST
    SLICE_X1Y46.CLK      net (fanout=770)      1.277   uBlaze_SPI/MB_SPI_i/clk_100_0000MHz
    -------------------------------------------------  ---------------------------
    Total                                      4.967ns (2.320ns logic, 2.647ns route)
                                                       (46.7% logic, 53.3% route)

--------------------------------------------------------------------------------

Paths for end point uBlaze_SPI/MB_SPI_i/axi4lite_0/axi4lite_0/si_converter_bank/gen_conv_slot[0].clock_conv_inst/interconnect_aresetn_resync_2 (SLICE_X1Y46.CLK), 1 path
--------------------------------------------------------------------------------
Delay (setup path):     4.967ns (data path)
  Source:               USER_CLOCK (PAD)
  Destination:          uBlaze_SPI/MB_SPI_i/axi4lite_0/axi4lite_0/si_converter_bank/gen_conv_slot[0].clock_conv_inst/interconnect_aresetn_resync_2 (FF)
  Data Path Delay:      4.967ns (Levels of Logic = 4)

  Maximum Data Path at Slow Process Corner: USER_CLOCK to uBlaze_SPI/MB_SPI_i/axi4lite_0/axi4lite_0/si_converter_bank/gen_conv_slot[0].clock_conv_inst/interconnect_aresetn_resync_2
    Location             Delay type         Delay(ns)  Physical Resource
                                                       Logical Resource(s)
    -------------------------------------------------  -------------------
    AB13.I               Tiopi                 1.310   USER_CLOCK
                                                       USER_CLOCK
                                                       USER_CLOCK_IBUFG
                                                       ProtoComp600.IMUX.10
    BUFIO2_X1Y7.I        net (fanout=9)        0.460   USER_CLOCK_IBUFG
    BUFIO2_X1Y7.DIVCLK   Tbufcko_DIVCLK        0.111   SP6_BUFIO2_INSERT_PLL1_ML_BUFIO2_2
                                                       SP6_BUFIO2_INSERT_PLL1_ML_BUFIO2_2
    PLL_ADV_X0Y0.CLKIN2  net (fanout=1)        0.488   uBlaze_SPI/MB_SPI_i/clock_generator_0/clock_generator_0/PLL0_INST/Using_PLL_ADV.PLL_ADV_inst_ML_NEW_DIVCLK
    PLL_ADV_X0Y0.CLKOUT0 Tpllcko_CLK           0.690   uBlaze_SPI/MB_SPI_i/clock_generator_0/clock_generator_0/PLL0_INST/Using_PLL_ADV.PLL_ADV_inst
                                                       uBlaze_SPI/MB_SPI_i/clock_generator_0/clock_generator_0/PLL0_INST/Using_PLL_ADV.PLL_ADV_inst
    BUFGMUX_X3Y14.I0     net (fanout=1)        0.422   uBlaze_SPI/MB_SPI_i/clock_generator_0/clock_generator_0/SIG_PLL0_CLKOUT0
    BUFGMUX_X3Y14.O      Tgi0o                 0.209   uBlaze_SPI/MB_SPI_i/clock_generator_0/clock_generator_0/PLL0_CLKOUT0_BUFG_INST
                                                       uBlaze_SPI/MB_SPI_i/clock_generator_0/clock_generator_0/PLL0_CLKOUT0_BUFG_INST
    SLICE_X1Y46.CLK      net (fanout=770)      1.277   uBlaze_SPI/MB_SPI_i/clk_100_0000MHz
    -------------------------------------------------  ---------------------------
    Total                                      4.967ns (2.320ns logic, 2.647ns route)
                                                       (46.7% logic, 53.3% route)

--------------------------------------------------------------------------------

Hold Paths: PATH "TS_axi4lite_0_reset_resync_path" TIG;
--------------------------------------------------------------------------------

Paths for end point uBlaze_SPI/MB_SPI_i/axi4lite_0/axi4lite_0/mi_converter_bank/gen_conv_slot[1].clock_conv_inst/interconnect_aresetn_resync_2 (SLICE_X0Y38.CX), 1 path
--------------------------------------------------------------------------------
Delay (hold path):      0.562ns (datapath - clock path skew - uncertainty)
  Source:               uBlaze_SPI/MB_SPI_i/axi4lite_0/axi4lite_0/mi_converter_bank/gen_conv_slot[1].clock_conv_inst/interconnect_aresetn_resync_1 (FF)
  Destination:          uBlaze_SPI/MB_SPI_i/axi4lite_0/axi4lite_0/mi_converter_bank/gen_conv_slot[1].clock_conv_inst/interconnect_aresetn_resync_2 (FF)
  Data Path Delay:      0.562ns (Levels of Logic = 0)
  Clock Path Skew:      0.000ns
  Source Clock:         uBlaze_SPI/MB_SPI_i/clk_100_0000MHz rising
  Destination Clock:    uBlaze_SPI/MB_SPI_i/clk_100_0000MHz rising
  Clock Uncertainty:    0.000ns

  Minimum Data Path at Fast Process Corner: uBlaze_SPI/MB_SPI_i/axi4lite_0/axi4lite_0/mi_converter_bank/gen_conv_slot[1].clock_conv_inst/interconnect_aresetn_resync_1 to uBlaze_SPI/MB_SPI_i/axi4lite_0/axi4lite_0/mi_converter_bank/gen_conv_slot[1].clock_conv_inst/interconnect_aresetn_resync_2
    Location             Delay type         Delay(ns)  Physical Resource
                                                       Logical Resource(s)
    -------------------------------------------------  -------------------
    SLICE_X0Y38.BQ       Tcko                  0.200   uBlaze_SPI/MB_SPI_i/axi4lite_0/axi4lite_0/mi_converter_bank/gen_conv_slot[1].clock_conv_inst/interconnect_aresetn_resync<2>
                                                       uBlaze_SPI/MB_SPI_i/axi4lite_0/axi4lite_0/mi_converter_bank/gen_conv_slot[1].clock_conv_inst/interconnect_aresetn_resync_1
    SLICE_X0Y38.CX       net (fanout=1)        0.314   uBlaze_SPI/MB_SPI_i/axi4lite_0/axi4lite_0/mi_converter_bank/gen_conv_slot[1].clock_conv_inst/interconnect_aresetn_resync<1>
    SLICE_X0Y38.CLK      Tckdi       (-Th)    -0.048   uBlaze_SPI/MB_SPI_i/axi4lite_0/axi4lite_0/mi_converter_bank/gen_conv_slot[1].clock_conv_inst/interconnect_aresetn_resync<2>
                                                       uBlaze_SPI/MB_SPI_i/axi4lite_0/axi4lite_0/mi_converter_bank/gen_conv_slot[1].clock_conv_inst/interconnect_aresetn_resync_2
    -------------------------------------------------  ---------------------------
    Total                                      0.562ns (0.248ns logic, 0.314ns route)
                                                       (44.1% logic, 55.9% route)

--------------------------------------------------------------------------------

Paths for end point uBlaze_SPI/MB_SPI_i/axi4lite_0/axi4lite_0/mi_converter_bank/gen_conv_slot[0].clock_conv_inst/interconnect_aresetn_resync_2 (SLICE_X2Y38.CX), 1 path
--------------------------------------------------------------------------------
Delay (hold path):      0.618ns (datapath - clock path skew - uncertainty)
  Source:               uBlaze_SPI/MB_SPI_i/axi4lite_0/axi4lite_0/mi_converter_bank/gen_conv_slot[0].clock_conv_inst/interconnect_aresetn_resync_1 (FF)
  Destination:          uBlaze_SPI/MB_SPI_i/axi4lite_0/axi4lite_0/mi_converter_bank/gen_conv_slot[0].clock_conv_inst/interconnect_aresetn_resync_2 (FF)
  Data Path Delay:      0.618ns (Levels of Logic = 0)
  Clock Path Skew:      0.000ns
  Source Clock:         uBlaze_SPI/MB_SPI_i/clk_100_0000MHz rising
  Destination Clock:    uBlaze_SPI/MB_SPI_i/clk_100_0000MHz rising
  Clock Uncertainty:    0.000ns

  Minimum Data Path at Fast Process Corner: uBlaze_SPI/MB_SPI_i/axi4lite_0/axi4lite_0/mi_converter_bank/gen_conv_slot[0].clock_conv_inst/interconnect_aresetn_resync_1 to uBlaze_SPI/MB_SPI_i/axi4lite_0/axi4lite_0/mi_converter_bank/gen_conv_slot[0].clock_conv_inst/interconnect_aresetn_resync_2
    Location             Delay type         Delay(ns)  Physical Resource
                                                       Logical Resource(s)
    -------------------------------------------------  -------------------
    SLICE_X2Y38.BQ       Tcko                  0.234   uBlaze_SPI/MB_SPI_i/axi4lite_0/axi4lite_0/mi_converter_bank/gen_conv_slot[0].clock_conv_inst/interconnect_aresetn_resync<2>
                                                       uBlaze_SPI/MB_SPI_i/axi4lite_0/axi4lite_0/mi_converter_bank/gen_conv_slot[0].clock_conv_inst/interconnect_aresetn_resync_1
    SLICE_X2Y38.CX       net (fanout=1)        0.343   uBlaze_SPI/MB_SPI_i/axi4lite_0/axi4lite_0/mi_converter_bank/gen_conv_slot[0].clock_conv_inst/interconnect_aresetn_resync<1>
    SLICE_X2Y38.CLK      Tckdi       (-Th)    -0.041   uBlaze_SPI/MB_SPI_i/axi4lite_0/axi4lite_0/mi_converter_bank/gen_conv_slot[0].clock_conv_inst/interconnect_aresetn_resync<2>
                                                       uBlaze_SPI/MB_SPI_i/axi4lite_0/axi4lite_0/mi_converter_bank/gen_conv_slot[0].clock_conv_inst/interconnect_aresetn_resync_2
    -------------------------------------------------  ---------------------------
    Total                                      0.618ns (0.275ns logic, 0.343ns route)
                                                       (44.5% logic, 55.5% route)

--------------------------------------------------------------------------------

Paths for end point uBlaze_SPI/MB_SPI_i/axi4lite_0/axi4lite_0/si_converter_bank/gen_conv_slot[0].clock_conv_inst/interconnect_aresetn_resync_1 (SLICE_X1Y46.BX), 1 path
--------------------------------------------------------------------------------
Delay (hold path):      0.687ns (datapath - clock path skew - uncertainty)
  Source:               uBlaze_SPI/MB_SPI_i/axi4lite_0/axi4lite_0/si_converter_bank/gen_conv_slot[0].clock_conv_inst/interconnect_aresetn_resync_0 (FF)
  Destination:          uBlaze_SPI/MB_SPI_i/axi4lite_0/axi4lite_0/si_converter_bank/gen_conv_slot[0].clock_conv_inst/interconnect_aresetn_resync_1 (FF)
  Data Path Delay:      0.687ns (Levels of Logic = 0)
  Clock Path Skew:      0.000ns
  Source Clock:         uBlaze_SPI/MB_SPI_i/clk_100_0000MHz rising
  Destination Clock:    uBlaze_SPI/MB_SPI_i/clk_100_0000MHz rising
  Clock Uncertainty:    0.000ns

  Minimum Data Path at Fast Process Corner: uBlaze_SPI/MB_SPI_i/axi4lite_0/axi4lite_0/si_converter_bank/gen_conv_slot[0].clock_conv_inst/interconnect_aresetn_resync_0 to uBlaze_SPI/MB_SPI_i/axi4lite_0/axi4lite_0/si_converter_bank/gen_conv_slot[0].clock_conv_inst/interconnect_aresetn_resync_1
    Location             Delay type         Delay(ns)  Physical Resource
                                                       Logical Resource(s)
    -------------------------------------------------  -------------------
    SLICE_X1Y46.AQ       Tcko                  0.198   uBlaze_SPI/MB_SPI_i/axi4lite_0/axi4lite_0/si_converter_bank/gen_conv_slot[0].clock_conv_inst/interconnect_aresetn_resync<2>
                                                       uBlaze_SPI/MB_SPI_i/axi4lite_0/axi4lite_0/si_converter_bank/gen_conv_slot[0].clock_conv_inst/interconnect_aresetn_resync_0
    SLICE_X1Y46.BX       net (fanout=1)        0.430   uBlaze_SPI/MB_SPI_i/axi4lite_0/axi4lite_0/si_converter_bank/gen_conv_slot[0].clock_conv_inst/interconnect_aresetn_resync<0>
    SLICE_X1Y46.CLK      Tckdi       (-Th)    -0.059   uBlaze_SPI/MB_SPI_i/axi4lite_0/axi4lite_0/si_converter_bank/gen_conv_slot[0].clock_conv_inst/interconnect_aresetn_resync<2>
                                                       uBlaze_SPI/MB_SPI_i/axi4lite_0/axi4lite_0/si_converter_bank/gen_conv_slot[0].clock_conv_inst/interconnect_aresetn_resync_1
    -------------------------------------------------  ---------------------------
    Total                                      0.687ns (0.257ns logic, 0.430ns route)
                                                       (37.4% logic, 62.6% route)

--------------------------------------------------------------------------------

================================================================================
Timing constraint: PATH "TS_TIG_microblaze_0_dlmb_POR_FF_I_path" TIG;

 1 path analyzed, 1 endpoint analyzed, 0 failing endpoints
 0 timing errors detected. (0 setup errors, 0 hold errors)
--------------------------------------------------------------------------------

Paths for end point uBlaze_SPI/MB_SPI_i/microblaze_0_dlmb/microblaze_0_dlmb/POR_FF_I (SLICE_X27Y44.SR), 1 path
--------------------------------------------------------------------------------
Delay (setup path):     1.878ns (data path - clock path skew + uncertainty)
  Source:               uBlaze_SPI/MB_SPI_i/proc_sys_reset_0/proc_sys_reset_0/Bus_Struct_Reset_0 (FF)
  Destination:          uBlaze_SPI/MB_SPI_i/microblaze_0_dlmb/microblaze_0_dlmb/POR_FF_I (FF)
  Data Path Delay:      1.762ns (Levels of Logic = 0)
  Clock Path Skew:      -0.021ns (0.271 - 0.292)
  Source Clock:         uBlaze_SPI/MB_SPI_i/clk_100_0000MHz rising
  Destination Clock:    uBlaze_SPI/MB_SPI_i/clk_100_0000MHz rising
  Clock Uncertainty:    0.095ns

  Clock Uncertainty:          0.095ns  ((TSJ^2 + DJ^2)^1/2) / 2 + PE
    Total System Jitter (TSJ):  0.070ns
    Discrete Jitter (DJ):       0.177ns
    Phase Error (PE):           0.000ns

  Maximum Data Path at Slow Process Corner: uBlaze_SPI/MB_SPI_i/proc_sys_reset_0/proc_sys_reset_0/Bus_Struct_Reset_0 to uBlaze_SPI/MB_SPI_i/microblaze_0_dlmb/microblaze_0_dlmb/POR_FF_I
    Location             Delay type         Delay(ns)  Physical Resource
                                                       Logical Resource(s)
    -------------------------------------------------  -------------------
    SLICE_X22Y39.AQ      Tcko                  0.447   uBlaze_SPI/MB_SPI_i/proc_sys_reset_0_BUS_STRUCT_RESET
                                                       uBlaze_SPI/MB_SPI_i/proc_sys_reset_0/proc_sys_reset_0/Bus_Struct_Reset_0
    SLICE_X27Y44.SR      net (fanout=2)        0.936   uBlaze_SPI/MB_SPI_i/proc_sys_reset_0_BUS_STRUCT_RESET
    SLICE_X27Y44.CLK     Tsrck                 0.379   uBlaze_SPI/MB_SPI_i/microblaze_0_dlmb_LMB_Rst
                                                       uBlaze_SPI/MB_SPI_i/microblaze_0_dlmb/microblaze_0_dlmb/POR_FF_I
    -------------------------------------------------  ---------------------------
    Total                                      1.762ns (0.826ns logic, 0.936ns route)
                                                       (46.9% logic, 53.1% route)

--------------------------------------------------------------------------------

Hold Paths: PATH "TS_TIG_microblaze_0_dlmb_POR_FF_I_path" TIG;
--------------------------------------------------------------------------------

Paths for end point uBlaze_SPI/MB_SPI_i/microblaze_0_dlmb/microblaze_0_dlmb/POR_FF_I (SLICE_X27Y44.SR), 1 path
--------------------------------------------------------------------------------
Delay (hold path):      0.831ns (datapath - clock path skew - uncertainty)
  Source:               uBlaze_SPI/MB_SPI_i/proc_sys_reset_0/proc_sys_reset_0/Bus_Struct_Reset_0 (FF)
  Destination:          uBlaze_SPI/MB_SPI_i/microblaze_0_dlmb/microblaze_0_dlmb/POR_FF_I (FF)
  Data Path Delay:      0.828ns (Levels of Logic = 0)
  Clock Path Skew:      -0.003ns (0.105 - 0.108)
  Source Clock:         uBlaze_SPI/MB_SPI_i/clk_100_0000MHz rising
  Destination Clock:    uBlaze_SPI/MB_SPI_i/clk_100_0000MHz rising
  Clock Uncertainty:    0.000ns

  Minimum Data Path at Fast Process Corner: uBlaze_SPI/MB_SPI_i/proc_sys_reset_0/proc_sys_reset_0/Bus_Struct_Reset_0 to uBlaze_SPI/MB_SPI_i/microblaze_0_dlmb/microblaze_0_dlmb/POR_FF_I
    Location             Delay type         Delay(ns)  Physical Resource
                                                       Logical Resource(s)
    -------------------------------------------------  -------------------
    SLICE_X22Y39.AQ      Tcko                  0.234   uBlaze_SPI/MB_SPI_i/proc_sys_reset_0_BUS_STRUCT_RESET
                                                       uBlaze_SPI/MB_SPI_i/proc_sys_reset_0/proc_sys_reset_0/Bus_Struct_Reset_0
    SLICE_X27Y44.SR      net (fanout=2)        0.555   uBlaze_SPI/MB_SPI_i/proc_sys_reset_0_BUS_STRUCT_RESET
    SLICE_X27Y44.CLK     Tcksr       (-Th)    -0.039   uBlaze_SPI/MB_SPI_i/microblaze_0_dlmb_LMB_Rst
                                                       uBlaze_SPI/MB_SPI_i/microblaze_0_dlmb/microblaze_0_dlmb/POR_FF_I
    -------------------------------------------------  ---------------------------
    Total                                      0.828ns (0.273ns logic, 0.555ns route)
                                                       (33.0% logic, 67.0% route)

--------------------------------------------------------------------------------

================================================================================
Timing constraint: PATH "TS_TIG_microblaze_0_ilmb_POR_FF_I_path" TIG;

 1 path analyzed, 1 endpoint analyzed, 0 failing endpoints
 0 timing errors detected. (0 setup errors, 0 hold errors)
--------------------------------------------------------------------------------

Paths for end point uBlaze_SPI/MB_SPI_i/microblaze_0_ilmb/microblaze_0_ilmb/POR_FF_I (SLICE_X29Y44.SR), 1 path
--------------------------------------------------------------------------------
Delay (setup path):     2.122ns (data path - clock path skew + uncertainty)
  Source:               uBlaze_SPI/MB_SPI_i/proc_sys_reset_0/proc_sys_reset_0/Bus_Struct_Reset_0 (FF)
  Destination:          uBlaze_SPI/MB_SPI_i/microblaze_0_ilmb/microblaze_0_ilmb/POR_FF_I (FF)
  Data Path Delay:      1.994ns (Levels of Logic = 0)
  Clock Path Skew:      -0.033ns (0.259 - 0.292)
  Source Clock:         uBlaze_SPI/MB_SPI_i/clk_100_0000MHz rising
  Destination Clock:    uBlaze_SPI/MB_SPI_i/clk_100_0000MHz rising
  Clock Uncertainty:    0.095ns

  Clock Uncertainty:          0.095ns  ((TSJ^2 + DJ^2)^1/2) / 2 + PE
    Total System Jitter (TSJ):  0.070ns
    Discrete Jitter (DJ):       0.177ns
    Phase Error (PE):           0.000ns

  Maximum Data Path at Slow Process Corner: uBlaze_SPI/MB_SPI_i/proc_sys_reset_0/proc_sys_reset_0/Bus_Struct_Reset_0 to uBlaze_SPI/MB_SPI_i/microblaze_0_ilmb/microblaze_0_ilmb/POR_FF_I
    Location             Delay type         Delay(ns)  Physical Resource
                                                       Logical Resource(s)
    -------------------------------------------------  -------------------
    SLICE_X22Y39.AQ      Tcko                  0.447   uBlaze_SPI/MB_SPI_i/proc_sys_reset_0_BUS_STRUCT_RESET
                                                       uBlaze_SPI/MB_SPI_i/proc_sys_reset_0/proc_sys_reset_0/Bus_Struct_Reset_0
    SLICE_X29Y44.SR      net (fanout=2)        1.122   uBlaze_SPI/MB_SPI_i/proc_sys_reset_0_BUS_STRUCT_RESET
    SLICE_X29Y44.CLK     Tsrck                 0.425   uBlaze_SPI/MB_SPI_i/microblaze_0_ilmb_LMB_Rst
                                                       uBlaze_SPI/MB_SPI_i/microblaze_0_ilmb/microblaze_0_ilmb/POR_FF_I
    -------------------------------------------------  ---------------------------
    Total                                      1.994ns (0.872ns logic, 1.122ns route)
                                                       (43.7% logic, 56.3% route)

--------------------------------------------------------------------------------

Hold Paths: PATH "TS_TIG_microblaze_0_ilmb_POR_FF_I_path" TIG;
--------------------------------------------------------------------------------

Paths for end point uBlaze_SPI/MB_SPI_i/microblaze_0_ilmb/microblaze_0_ilmb/POR_FF_I (SLICE_X29Y44.SR), 1 path
--------------------------------------------------------------------------------
Delay (hold path):      0.954ns (datapath - clock path skew - uncertainty)
  Source:               uBlaze_SPI/MB_SPI_i/proc_sys_reset_0/proc_sys_reset_0/Bus_Struct_Reset_0 (FF)
  Destination:          uBlaze_SPI/MB_SPI_i/microblaze_0_ilmb/microblaze_0_ilmb/POR_FF_I (FF)
  Data Path Delay:      0.939ns (Levels of Logic = 0)
  Clock Path Skew:      -0.015ns (0.093 - 0.108)
  Source Clock:         uBlaze_SPI/MB_SPI_i/clk_100_0000MHz rising
  Destination Clock:    uBlaze_SPI/MB_SPI_i/clk_100_0000MHz rising
  Clock Uncertainty:    0.000ns

  Minimum Data Path at Fast Process Corner: uBlaze_SPI/MB_SPI_i/proc_sys_reset_0/proc_sys_reset_0/Bus_Struct_Reset_0 to uBlaze_SPI/MB_SPI_i/microblaze_0_ilmb/microblaze_0_ilmb/POR_FF_I
    Location             Delay type         Delay(ns)  Physical Resource
                                                       Logical Resource(s)
    -------------------------------------------------  -------------------
    SLICE_X22Y39.AQ      Tcko                  0.234   uBlaze_SPI/MB_SPI_i/proc_sys_reset_0_BUS_STRUCT_RESET
                                                       uBlaze_SPI/MB_SPI_i/proc_sys_reset_0/proc_sys_reset_0/Bus_Struct_Reset_0
    SLICE_X29Y44.SR      net (fanout=2)        0.662   uBlaze_SPI/MB_SPI_i/proc_sys_reset_0_BUS_STRUCT_RESET
    SLICE_X29Y44.CLK     Tcksr       (-Th)    -0.043   uBlaze_SPI/MB_SPI_i/microblaze_0_ilmb_LMB_Rst
                                                       uBlaze_SPI/MB_SPI_i/microblaze_0_ilmb/microblaze_0_ilmb/POR_FF_I
    -------------------------------------------------  ---------------------------
    Total                                      0.939ns (0.277ns logic, 0.662ns route)
                                                       (29.5% logic, 70.5% route)

--------------------------------------------------------------------------------


All constraints were met.


Data Sheet report:
-----------------
All values displayed in nanoseconds (ns)

Clock to Setup on destination clock USER_CLOCK
---------------+---------+---------+---------+---------+
               | Src:Rise| Src:Fall| Src:Rise| Src:Fall|
Source Clock   |Dest:Rise|Dest:Rise|Dest:Fall|Dest:Fall|
---------------+---------+---------+---------+---------+
USER_CLOCK     |    7.030|         |         |         |
---------------+---------+---------+---------+---------+


Timing summary:
---------------

Timing errors: 0  Score: 0  (Setup/Max: 0, Hold: 0)

Constraints cover 29 paths, 0 nets, and 28 connections

Design statistics:
No global statistics to report.

Analysis completed Fri Jun 30 11:54:05 2017 
--------------------------------------------------------------------------------

Trace Settings:
-------------------------
Trace Settings 

Peak Memory Usage: 302 MB



