D:\Shichen_Lu\MBImager\MBImager\MBImager_full\MB_top.ngc 1497036412
D:\Shichen_Lu\MBImager\MBImager\MBImager_full/MB_SPI.ngc 1497024069
D:\Shichen_Lu\MBImager\MBImager\MBImager_full/MB_SPI_proc_sys_reset_0_wrapper.ngc 1497024070
D:\Shichen_Lu\MBImager\MBImager\MBImager_full/MB_SPI_clock_generator_0_wrapper.ngc 1497024069
D:\Shichen_Lu\MBImager\MBImager\MBImager_full/MB_SPI_generic_spi_wrapper.ngc 1497024070
D:\Shichen_Lu\MBImager\MBImager\MBImager_full/MB_SPI_microblaze_0_ilmb_wrapper.ngc 1497024070
D:\Shichen_Lu\MBImager\MBImager\MBImager_full/MB_SPI_microblaze_0_dlmb_wrapper.ngc 1497024070
D:\Shichen_Lu\MBImager\MBImager\MBImager_full/MB_SPI_axi4lite_0_wrapper.ngc 1497024069
D:\Shichen_Lu\MBImager\MBImager\MBImager_full/MB_SPI_microblaze_0_wrapper.ngc 1497024070
D:\Shichen_Lu\MBImager\MBImager\MBImager_full/MB_SPI_microblaze_0_i_bram_ctrl_wrapper.ngc 1497024070
D:\Shichen_Lu\MBImager\MBImager\MBImager_full/MB_SPI_microblaze_0_d_bram_ctrl_wrapper.ngc 1497024070
D:\Shichen_Lu\MBImager\MBImager\MBImager_full/MB_SPI_debug_module_wrapper.ngc 1497024069
D:\Shichen_Lu\MBImager\MBImager\MBImager_full/MB_SPI_microblaze_0_bram_block_wrapper.ngc 1497024070
ipcore_dir/fifo_4kB.ngc 1496433277
OK
